Component: Arm Compiler for Embedded 6.19 Tool: armlink [5e73cb00]

==============================================================================

Section Cross References

    startup_stm32f407xx.o(STACK) refers (Special) to heapauxi.o(.text) for __use_two_region_memory
    startup_stm32f407xx.o(HEAP) refers (Special) to heapauxi.o(.text) for __use_two_region_memory
    startup_stm32f407xx.o(RESET) refers (Special) to heapauxi.o(.text) for __use_two_region_memory
    startup_stm32f407xx.o(RESET) refers to startup_stm32f407xx.o(STACK) for __initial_sp
    startup_stm32f407xx.o(RESET) refers to startup_stm32f407xx.o(.text) for Reset_Handler
    startup_stm32f407xx.o(RESET) refers to stm32f4xx_it.o(.text.NMI_Handler) for NMI_Handler
    startup_stm32f407xx.o(RESET) refers to stm32f4xx_it.o(.text.HardFault_Handler) for HardFault_Handler
    startup_stm32f407xx.o(RESET) refers to stm32f4xx_it.o(.text.MemManage_Handler) for MemManage_Handler
    startup_stm32f407xx.o(RESET) refers to stm32f4xx_it.o(.text.BusFault_Handler) for BusFault_Handler
    startup_stm32f407xx.o(RESET) refers to stm32f4xx_it.o(.text.UsageFault_Handler) for UsageFault_Handler
    startup_stm32f407xx.o(RESET) refers to stm32f4xx_it.o(.text.SVC_Handler) for SVC_Handler
    startup_stm32f407xx.o(RESET) refers to stm32f4xx_it.o(.text.DebugMon_Handler) for DebugMon_Handler
    startup_stm32f407xx.o(RESET) refers to stm32f4xx_it.o(.text.PendSV_Handler) for PendSV_Handler
    startup_stm32f407xx.o(RESET) refers to stm32f4xx_it.o(.text.SysTick_Handler) for SysTick_Handler
    startup_stm32f407xx.o(RESET) refers to stm32f4xx_it.o(.text.DMA1_Stream1_IRQHandler) for DMA1_Stream1_IRQHandler
    startup_stm32f407xx.o(RESET) refers to stm32f4xx_it.o(.text.CAN1_TX_IRQHandler) for CAN1_TX_IRQHandler
    startup_stm32f407xx.o(RESET) refers to stm32f4xx_it.o(.text.CAN1_RX0_IRQHandler) for CAN1_RX0_IRQHandler
    startup_stm32f407xx.o(RESET) refers to stm32f4xx_it.o(.text.USART3_IRQHandler) for USART3_IRQHandler
    startup_stm32f407xx.o(RESET) refers to stm32f4xx_it.o(.text.TIM6_DAC_IRQHandler) for TIM6_DAC_IRQHandler
    startup_stm32f407xx.o(.text) refers (Special) to heapauxi.o(.text) for __use_two_region_memory
    startup_stm32f407xx.o(.text) refers to system_stm32f4xx.o(.text.SystemInit) for SystemInit
    startup_stm32f407xx.o(.text) refers to __main.o(!!!main) for __main
    startup_stm32f407xx.o(.text) refers to startup_stm32f407xx.o(HEAP) for Heap_Mem
    startup_stm32f407xx.o(.text) refers to startup_stm32f407xx.o(STACK) for Stack_Mem
    appmain.o(.text.__cxx_global_var_init) refers to appmain.o(.bss.s_pid_task) for s_pid_task
    appmain.o(.text.__cxx_global_var_init) refers to pid.o(.text._ZN3PIDC2Efffffff) for PID::PID(float, float, float, float, float, float, float)
    appmain.o(.ARM.exidx.text.__cxx_global_var_init) refers to appmain.o(.text.__cxx_global_var_init) for [Anonymous Symbol]
    appmain.o(.text.__cxx_global_var_init.1) refers to appmain.o(.bss.p_pid_task) for p_pid_task
    appmain.o(.text.__cxx_global_var_init.1) refers to pid.o(.text._ZN3PIDC2Efffffff) for PID::PID(float, float, float, float, float, float, float)
    appmain.o(.ARM.exidx.text.__cxx_global_var_init.1) refers to appmain.o(.text.__cxx_global_var_init.1) for [Anonymous Symbol]
    appmain.o(.text.__cxx_global_var_init.2) refers to appmain.o(.bss.s_pid_always) for s_pid_always
    appmain.o(.text.__cxx_global_var_init.2) refers to pid.o(.text._ZN3PIDC2Efffffff) for PID::PID(float, float, float, float, float, float, float)
    appmain.o(.ARM.exidx.text.__cxx_global_var_init.2) refers to appmain.o(.text.__cxx_global_var_init.2) for [Anonymous Symbol]
    appmain.o(.text.__cxx_global_var_init.3) refers to appmain.o(.bss.p_pid_always) for p_pid_always
    appmain.o(.text.__cxx_global_var_init.3) refers to pid.o(.text._ZN3PIDC2Efffffff) for PID::PID(float, float, float, float, float, float, float)
    appmain.o(.ARM.exidx.text.__cxx_global_var_init.3) refers to appmain.o(.text.__cxx_global_var_init.3) for [Anonymous Symbol]
    appmain.o(.text.__cxx_global_var_init.4) refers to appmain.o(.bss.motor_task) for motor_task
    appmain.o(.text.__cxx_global_var_init.4) refers to appmain.o(.bss.p_pid_task) for p_pid_task
    appmain.o(.text.__cxx_global_var_init.4) refers to appmain.o(.bss.s_pid_task) for s_pid_task
    appmain.o(.text.__cxx_global_var_init.4) refers to motor.o(.text._ZN5MotorC2ERK3PIDS2_9MotorType13ControlMode_e) for Motor::Motor(PID const&, PID const&, MotorType, ControlMode_e)
    appmain.o(.ARM.exidx.text.__cxx_global_var_init.4) refers to appmain.o(.text.__cxx_global_var_init.4) for [Anonymous Symbol]
    appmain.o(.text.__cxx_global_var_init.5) refers to appmain.o(.bss.motor_always) for motor_always
    appmain.o(.text.__cxx_global_var_init.5) refers to appmain.o(.bss.p_pid_always) for p_pid_always
    appmain.o(.text.__cxx_global_var_init.5) refers to appmain.o(.bss.s_pid_always) for s_pid_always
[...]
    [Anonymous Symbol]                       0x08002b64   Section        0  stm32f4xx_hal_tim_ex.o(.text.HAL_TIMEx_CommutCallback)
    [Anonymous Symbol]                       0x08002b6c   Section        0  stm32f4xx_hal_tim_ex.o(.text.HAL_TIMEx_MasterConfigSynchronization)
    [Anonymous Symbol]                       0x08002c90   Section        0  stm32f4xx_hal_tim.o(.text.HAL_TIM_Base_Init)
    [Anonymous Symbol]                       0x08002d2c   Section        0  tim.o(.text.HAL_TIM_Base_MspInit)
    [Anonymous Symbol]                       0x08002d80   Section        0  stm32f4xx_hal_tim.o(.text.HAL_TIM_Base_Start_IT)
    [Anonymous Symbol]                       0x08002e78   Section        0  stm32f4xx_hal_tim.o(.text.HAL_TIM_IC_CaptureCallback)
    [Anonymous Symbol]                       0x08002e80   Section        0  stm32f4xx_hal_tim.o(.text.HAL_TIM_IRQHandler)
    [Anonymous Symbol]                       0x0800309c   Section        0  stm32f4xx_hal_tim.o(.text.HAL_TIM_OC_DelayElapsedCallback)
    [Anonymous Symbol]                       0x080030a4   Section        0  stm32f4xx_hal_tim.o(.text.HAL_TIM_PWM_PulseFinishedCallback)
    [Anonymous Symbol]                       0x080030ac   Section        0  appmain.o(.text.HAL_TIM_PeriodElapsedCallback)
    [Anonymous Symbol]                       0x08003234   Section        0  stm32f4xx_hal_tim.o(.text.HAL_TIM_TriggerCallback)
    [Anonymous Symbol]                       0x0800323c   Section        0  stm32f4xx_hal_uart.o(.text.HAL_UARTEx_ReceiveToIdle_DMA)
    [Anonymous Symbol]                       0x080032f4   Section        0  appmain.o(.text.HAL_UARTEx_RxEventCallback)
    [Anonymous Symbol]                       0x08003370   Section        0  stm32f4xx_hal_uart.o(.text.HAL_UART_ErrorCallback)
    [Anonymous Symbol]                       0x08003378   Section        0  stm32f4xx_hal_uart.o(.text.HAL_UART_IRQHandler)
    [Anonymous Symbol]                       0x080037d4   Section        0  stm32f4xx_hal_uart.o(.text.HAL_UART_Init)
    [Anonymous Symbol]                       0x08003874   Section        0  usart.o(.text.HAL_UART_MspInit)
    [Anonymous Symbol]                       0x0800396c   Section        0  stm32f4xx_hal_uart.o(.text.HAL_UART_RxCpltCallback)
    [Anonymous Symbol]                       0x08003974   Section        0  stm32f4xx_hal_uart.o(.text.HAL_UART_RxHalfCpltCallback)
    [Anonymous Symbol]                       0x0800397c   Section        0  stm32f4xx_hal_uart.o(.text.HAL_UART_TxCpltCallback)
    [Anonymous Symbol]                       0x08003984   Section        0  stm32f4xx_it.o(.text.HardFault_Handler)
    [Anonymous Symbol]                       0x08003988   Section        0  can.o(.text.MX_CAN1_Init)
    [Anonymous Symbol]                       0x080039d8   Section        0  dma.o(.text.MX_DMA_Init)
    [Anonymous Symbol]                       0x08003a14   Section        0  gpio.o(.text.MX_GPIO_Init)
    [Anonymous Symbol]                       0x08003b6c   Section        0  spi.o(.text.MX_SPI1_Init)
    [Anonymous Symbol]                       0x08003bc0   Section        0  tim.o(.text.MX_TIM6_Init)
    [Anonymous Symbol]                       0x08003c1c   Section        0  usart.o(.text.MX_USART3_UART_Init)
    [Anonymous Symbol]                       0x08003c68   Section        0  stm32f4xx_it.o(.text.MemManage_Handler)
    [Anonymous Symbol]                       0x08003c6c   Section        0  stm32f4xx_it.o(.text.NMI_Handler)
    NVIC_EncodePriority                      0x08003c71   Thumb Code   108  stm32f4xx_hal_cortex.o(.text.NVIC_EncodePriority)
    [Anonymous Symbol]                       0x08003c70   Section        0  stm32f4xx_hal_cortex.o(.text.NVIC_EncodePriority)
    [Anonymous Symbol]                       0x08003cdc   Section        0  stm32f4xx_it.o(.text.PendSV_Handler)
    [Anonymous Symbol]                       0x08003ce0   Section        0  stm32f4xx_it.o(.text.SVC_Handler)
    SysTick_Config                           0x08003ce5   Thumb Code    82  stm32f4xx_hal_cortex.o(.text.SysTick_Config)
    [Anonymous Symbol]                       0x08003ce4   Section        0  stm32f4xx_hal_cortex.o(.text.SysTick_Config)
    [Anonymous Symbol]                       0x08003d38   Section        0  stm32f4xx_it.o(.text.SysTick_Handler)
    [Anonymous Symbol]                       0x08003d40   Section        0  main.o(.text.SystemClock_Config)
    [Anonymous Symbol]                       0x08003dfc   Section        0  system_stm32f4xx.o(.text.SystemInit)
    [Anonymous Symbol]                       0x08003e10   Section        0  stm32f4xx_it.o(.text.TIM6_DAC_IRQHandler)
    [Anonymous Symbol]                       0x08003e20   Section        0  stm32f4xx_hal_tim.o(.text.TIM_Base_SetConfig)
    UART_DMAAbortOnError                     0x08003fc5   Thumb Code    28  stm32f4xx_hal_uart.o(.text.UART_DMAAbortOnError)
    [Anonymous Symbol]                       0x08003fc4   Section        0  stm32f4xx_hal_uart.o(.text.UART_DMAAbortOnError)
    UART_DMAError                            0x08003fe1   Thumb Code   124  stm32f4xx_hal_uart.o(.text.UART_DMAError)
    [Anonymous Symbol]                       0x08003fe0   Section        0  stm32f4xx_hal_uart.o(.text.UART_DMAError)
    UART_DMAReceiveCplt                      0x0800405d   Thumb Code   244  stm32f4xx_hal_uart.o(.text.UART_DMAReceiveCplt)
    [Anonymous Symbol]                       0x0800405c   Section        0  stm32f4xx_hal_uart.o(.text.UART_DMAReceiveCplt)
    UART_DMARxHalfCplt                       0x08004151   Thumb Code    52  stm32f4xx_hal_uart.o(.text.UART_DMARxHalfCplt)
    [Anonymous Symbol]                       0x08004150   Section        0  stm32f4xx_hal_uart.o(.text.UART_DMARxHalfCplt)
    UART_EndRxTransfer                       0x08004185   Thumb Code   148  stm32f4xx_hal_uart.o(.text.UART_EndRxTransfer)
    [Anonymous Symbol]                       0x08004184   Section        0  stm32f4xx_hal_uart.o(.text.UART_EndRxTransfer)
    UART_EndTransmit_IT                      0x08004219   Thumb Code    38  stm32f4xx_hal_uart.o(.text.UART_EndTransmit_IT)
    [Anonymous Symbol]                       0x08004218   Section        0  stm32f4xx_hal_uart.o(.text.UART_EndTransmit_IT)
    UART_EndTxTransfer                       0x08004241   Thumb Code    54  stm32f4xx_hal_uart.o(.text.UART_EndTxTransfer)
    [Anonymous Symbol]                       0x08004240   Section        0  stm32f4xx_hal_uart.o(.text.UART_EndTxTransfer)
    UART_Receive_IT                          0x08004279   Thumb Code   360  stm32f4xx_hal_uart.o(.text.UART_Receive_IT)
    [Anonymous Symbol]                       0x08004278   Section        0  stm32f4xx_hal_uart.o(.text.UART_Receive_IT)
    UART_SetConfig                           0x080043e1   Thumb Code   314  stm32f4xx_hal_uart.o(.text.UART_SetConfig)
    [Anonymous Symbol]                       0x080043e0   Section        0  stm32f4xx_hal_uart.o(.text.UART_SetConfig)
    [Anonymous Symbol]                       0x0800451c   Section        0  stm32f4xx_hal_uart.o(.text.UART_Start_Receive_DMA)
    UART_Transmit_IT                         0x0800464d   Thumb Code   148  stm32f4xx_hal_uart.o(.text.UART_Transmit_IT)
    [Anonymous Symbol]                       0x0800464c   Section        0  stm32f4xx_hal_uart.o(.text.UART_Transmit_IT)
    [Anonymous Symbol]                       0x080046e0   Section        0  stm32f4xx_it.o(.text.USART3_IRQHandler)
    [Anonymous Symbol]                       0x080046f0   Section        0  stm32f4xx_it.o(.text.UsageFault_Handler)
    _GLOBAL__sub_I_AppMain.cpp               0x080046f5   Thumb Code    32  appmain.o(.text._GLOBAL__sub_I_AppMain.cpp)
    [Anonymous Symbol]                       0x080046f4   Section        0  appmain.o(.text._GLOBAL__sub_I_AppMain.cpp)
    [Anonymous Symbol]                       0x08004718   Section        0  motor.o(.text._Z4fabsB6v16000IsENSt3__29enable_ifIXsr3std11is_integralIT_EE5valueEdE4typeES2_)
    [Anonymous Symbol]                       0x08004750   Section        0  motor.o(.text._Z4fabsB6v16000f)
    [Anonymous Symbol]                       0x08004764   Section        0  pid.o(.text._ZN3PID5ResetEv)
    [Anonymous Symbol]                       0x08004778   Section        0  pid.o(.text._ZN3PID9CalculateEfff)
    [Anonymous Symbol]                       0x080048d4   Section        0  pid.o(.text._ZN3PIDC2Efffffff)
    [Anonymous Symbol]                       0x08004920   Section        0  appmain.o(.text._ZN5Motor11SetPositionEs)
    [Anonymous Symbol]                       0x08004944   Section        0  motor.o(.text._ZN5Motor12SetDirectionE16MotorDirection_e)
    [Anonymous Symbol]                       0x0800495c   Section        0  motor.o(.text._ZN5Motor14ExecuteControlEv)
    [Anonymous Symbol]                       0x08004a98   Section        0  motor.o(.text._ZN5Motor17IsPositionReachedEf)
    [Anonymous Symbol]                       0x08004af0   Section        0  motor.o(.text._ZN5Motor4initEv)
    [Anonymous Symbol]                       0x08004bdc   Section        0  motor.o(.text._ZN5Motor6UpdateEPKh)
    [Anonymous Symbol]                       0x08004cdc   Section        0  motor.o(.text._ZN5Motor9SetTargetE13ControlMode_ef)
    [Anonymous Symbol]                       0x08004d84   Section        0  motor.o(.text._ZN5MotorC2ERK3PIDS2_9MotorType13ControlMode_e)
    [Anonymous Symbol]                       0x08004eb8   Section        0  wfly_et_08_remote_control.o(.text._ZN5et_0816process_rc_frameEPhh)
    [Anonymous Symbol]                       0x080050cc   Section        0  appmain.o(.text._ZN5et_085getsaEv)
    [Anonymous Symbol]                       0x080050d8   Section        0  appmain.o(.text._ZN5et_085getsbEv)
    [Anonymous Symbol]                       0x080050e4   Section        0  appmain.o(.text._ZN5et_085getscEv)
    [Anonymous Symbol]                       0x080050f0   Section        0  appmain.o(.text._ZN5et_085getsdEv)
    et_08::process_rc_frame(unsigned char*, unsigned char)::$_0::operator()(unsigned short) const 0x080050fd   Thumb Code    64  wfly_et_08_remote_control.o(.text._ZZN5et_0816process_rc_frameEPhhENK3$_0clEt)
    [Anonymous Symbol]                       0x080050fc   Section        0  wfly_et_08_remote_control.o(.text._ZZN5et_0816process_rc_frameEPhhENK3$_0clEt)
    et_08::process_rc_frame(unsigned char*, unsigned char)::$_1::operator()(unsigned short) const 0x0800513d   Thumb Code    28  wfly_et_08_remote_control.o(.text._ZZN5et_0816process_rc_frameEPhhENK3$_1clEt)
    [Anonymous Symbol]                       0x0800513c   Section        0  wfly_et_08_remote_control.o(.text._ZZN5et_0816process_rc_frameEPhhENK3$_1clEt)
    et_08::process_rc_frame(unsigned char*, unsigned char)::$_2::operator()(float&) const 0x08005159   Thumb Code    76  wfly_et_08_remote_control.o(.text._ZZN5et_0816process_rc_frameEPhhENK3$_2clERf)
    [Anonymous Symbol]                       0x08005158   Section        0  wfly_et_08_remote_control.o(.text._ZZN5et_0816process_rc_frameEPhhENK3$_2clERf)
    __NVIC_EnableIRQ                         0x080051a5   Thumb Code    48  stm32f4xx_hal_cortex.o(.text.__NVIC_EnableIRQ)
    [Anonymous Symbol]                       0x080051a4   Section        0  stm32f4xx_hal_cortex.o(.text.__NVIC_EnableIRQ)
    __NVIC_GetPriorityGrouping               0x080051d5   Thumb Code    16  stm32f4xx_hal_cortex.o(.text.__NVIC_GetPriorityGrouping)
    [Anonymous Symbol]                       0x080051d4   Section        0  stm32f4xx_hal_cortex.o(.text.__NVIC_GetPriorityGrouping)
    __NVIC_SetPriority                       0x080051e5   Thumb Code    66  stm32f4xx_hal_cortex.o(.text.__NVIC_SetPriority)
    [Anonymous Symbol]                       0x080051e4   Section        0  stm32f4xx_hal_cortex.o(.text.__NVIC_SetPriority)
    __NVIC_SetPriorityGrouping               0x08005229   Thumb Code    60  stm32f4xx_hal_cortex.o(.text.__NVIC_SetPriorityGrouping)
    [Anonymous Symbol]                       0x08005228   Section        0  stm32f4xx_hal_cortex.o(.text.__NVIC_SetPriorityGrouping)
    __cxx_global_var_init                    0x08005265   Thumb Code    68  appmain.o(.text.__cxx_global_var_init)
    [Anonymous Symbol]                       0x08005264   Section        0  appmain.o(.text.__cxx_global_var_init)
    __cxx_global_var_init.1                  0x080052a9   Thumb Code    60  appmain.o(.text.__cxx_global_var_init.1)
    [Anonymous Symbol]                       0x080052a8   Section        0  appmain.o(.text.__cxx_global_var_init.1)
    __cxx_global_var_init.2                  0x080052e5   Thumb Code    60  appmain.o(.text.__cxx_global_var_init.2)
    [Anonymous Symbol]                       0x080052e4   Section        0  appmain.o(.text.__cxx_global_var_init.2)
    __cxx_global_var_init.3                  0x08005321   Thumb Code    52  appmain.o(.text.__cxx_global_var_init.3)
    [Anonymous Symbol]                       0x08005320   Section        0  appmain.o(.text.__cxx_global_var_init.3)
    __cxx_global_var_init.4                  0x08005355   Thumb Code    44  appmain.o(.text.__cxx_global_var_init.4)
    [Anonymous Symbol]                       0x08005354   Section        0  appmain.o(.text.__cxx_global_var_init.4)
    __cxx_global_var_init.5                  0x08005381   Thumb Code    44  appmain.o(.text.__cxx_global_var_init.5)
    [Anonymous Symbol]                       0x08005380   Section        0  appmain.o(.text.__cxx_global_var_init.5)
    __cxx_global_var_init.6                  0x080053ad   Thumb Code    42  appmain.o(.text.__cxx_global_var_init.6)
    [Anonymous Symbol]                       0x080053ac   Section        0  appmain.o(.text.__cxx_global_var_init.6)
    [Anonymous Symbol]                       0x080053d8   Section        0  main.o(.text.main)
    [Anonymous Symbol]                       0x08005408   Section        0  appmain.o(.text.move_random_position)
    [Anonymous Symbol]                       0x08005440   Section        0  appmain.o(.text.new_App_CAN_Callback)
    [Anonymous Symbol]                       0x08005468   Section        0  appmain.o(.text.new_App_Init)
    [Anonymous Symbol]                       0x08005514   Section        0  appmain.o(.text.set_random_position)
    $v0                                      0x08005558   Number         0  dcmpi.o(x$fpl$dcmpinf)
    x$fpl$dcmpinf                            0x08005558   Section       24  dcmpi.o(x$fpl$dcmpinf)
    $v0                                      0x08005570   Number         0  deqf.o(x$fpl$deqf)
    x$fpl$deqf                               0x08005570   Section      120  deqf.o(x$fpl$deqf)
    $v0                                      0x080055e8   Number         0  dflt_clz.o(x$fpl$dflt)
    x$fpl$dflt                               0x080055e8   Section       46  dflt_clz.o(x$fpl$dflt)
    $v0                                      0x08005618   Number         0  dgeqf.o(x$fpl$dgeqf)
    x$fpl$dgeqf                              0x08005618   Section      120  dgeqf.o(x$fpl$dgeqf)
    $v0                                      0x08005690   Number         0  dleqf.o(x$fpl$dleqf)
    x$fpl$dleqf                              0x08005690   Section      120  dleqf.o(x$fpl$dleqf)
    $v0                                      0x08005708   Number         0  dnaninf.o(x$fpl$dnaninf)
    x$fpl$dnaninf                            0x08005708   Section      156  dnaninf.o(x$fpl$dnaninf)
    $v0                                      0x080057a4   Number         0  dretinf.o(x$fpl$dretinf)
    x$fpl$dretinf                            0x080057a4   Section       12  dretinf.o(x$fpl$dretinf)
    $v0                                      0x080057b0   Number         0  f2d.o(x$fpl$f2d)
    x$fpl$f2d                                0x080057b0   Section       86  f2d.o(x$fpl$f2d)
    $v0                                      0x08005806   Number         0  dcmp.o(x$fpl$fcmp)
    x$fpl$fcmp                               0x08005806   Section       84  dcmp.o(x$fpl$fcmp)
    $v0                                      0x0800585a   Number         0  fnaninf.o(x$fpl$fnaninf)
    x$fpl$fnaninf                            0x0800585a   Section      140  fnaninf.o(x$fpl$fnaninf)
    $v0                                      0x080058e6   Number         0  fpinit.o(x$fpl$fpinit)
    x$fpl$fpinit                             0x080058e6   Section       26  fpinit.o(x$fpl$fpinit)
    x$fpl$usenofp                            0x08005900   Section        0  usenofp.o(x$fpl$usenofp)
    DMA_CalcBaseAndBitshift.flagBitshiftOffset 0x08005918   Data           8  stm32f4xx_hal_dma.o(.rodata.DMA_CalcBaseAndBitshift.flagBitshiftOffset)
    [Anonymous Symbol]                       0x08005918   Section        0  stm32f4xx_hal_dma.o(.rodata.DMA_CalcBaseAndBitshift.flagBitshiftOffset)
    .init_array                              0x08005944   Section        0  init_aeabi.o(.init_array)
    .bss                                     0x20000010   Section       96  libspace.o(.bss)
    Heap_Mem                                 0x20000498   Data         512  startup_stm32f407xx.o(HEAP)
    HEAP                                     0x20000498   Section      512  startup_stm32f407xx.o(HEAP)
    Stack_Mem                                0x20000698   Data        1024  startup_stm32f407xx.o(STACK)
    STACK                                    0x20000698   Section     1024  startup_stm32f407xx.o(STACK)
    __initial_sp                             0x20000a98   Data           0  startup_stm32f407xx.o(STACK)

    Global Symbols

    Symbol Name                              Value     Ov Type        Size  Object(Section)

    BuildAttributes$$THM_ISAv4$E$P$D$K$B$S$7EM$VFPi3$EXTD16$VFPS$VFMA$PE$A:L22UL41UL21$X:L11$S22US41US21$IEEE1$IW$~IW$USESV6$~STKCKD$USESV7$~SHL$OSPACE$ROPI$EBA8$UX$STANDARDLIB$REQ8$PRES8$EABIv2 0x00000000   Number         0  anon$$obj.o ABSOLUTE
    __ARM_exceptions_init                     - Undefined Weak Reference
    __alloca_initialize                       - Undefined Weak Reference
    __arm_preinit_                            - Undefined Weak Reference
    __arm_relocate_pie_                       - Undefined Weak Reference
    __cxa_finalize                            - Undefined Weak Reference
    __rt_locale                               - Undefined Weak Reference
    __sigvec_lookup                           - Undefined Weak Reference
    _atexit_init                              - Undefined Weak Reference
    _call_atexit_fns                          - Undefined Weak Reference
    _clock_init                               - Undefined Weak Reference
    _fp_trap_init                             - Undefined Weak Reference
    _fp_trap_shutdown                         - Undefined Weak Reference
    _get_lc_collate                           - Undefined Weak Reference
    _get_lc_ctype                             - Undefined Weak Reference
    _get_lc_monetary                          - Undefined Weak Reference
    _get_lc_numeric                           - Undefined Weak Reference
    _get_lc_time                              - Undefined Weak Reference
    _getenv_init                              - Undefined Weak Reference
    _handle_redirection                       - Undefined Weak Reference
    _init_alloc                               - Undefined Weak Reference
    _init_user_alloc                          - Undefined Weak Reference
    _initio                                   - Undefined Weak Reference
    _rand_init                                - Undefined Weak Reference
    _signal_finish                            - Undefined Weak Reference
    _signal_init                              - Undefined Weak Reference
    _terminate_alloc                          - Undefined Weak Reference
    _terminate_user_alloc                     - Undefined Weak Reference
    _terminateio                              - Undefined Weak Reference
    __Vectors_Size                           0x00000188   Number         0  startup_stm32f407xx.o ABSOLUTE
    __Vectors                                0x08000000   Data           4  startup_stm32f407xx.o(RESET)
    __Vectors_End                            0x08000188   Data           0  startup_stm32f407xx.o(RESET)
    __main                                   0x08000189   Thumb Code     8  __main.o(!!!main)
    __scatterload                            0x08000191   Thumb Code     0  __scatter.o(!!!scatter)
    __scatterload_rt2                        0x08000191   Thumb Code    44  __scatter.o(!!!scatter)
    __scatterload_rt2_thumb_only             0x08000191   Thumb Code     0  __scatter.o(!!!scatter)
    __scatterload_null                       0x0800019f   Thumb Code     0  __scatter.o(!!!scatter)
    __scatterload_copy                       0x080001c5   Thumb Code    26  __scatter_copy.o(!!handler_copy)
    __scatterload_zeroinit                   0x080001e1   Thumb Code    28  __scatter_zi.o(!!handler_zi)
    __rt_lib_init                            0x080001fd   Thumb Code     0  libinit.o(.ARM.Collect$$libinit$$00000000)
    __rt_lib_init_fp_1                       0x080001ff   Thumb Code     0  libinit2.o(.ARM.Collect$$libinit$$00000001)
    __rt_lib_init_alloca_1                   0x08000203   Thumb Code     0  libinit2.o(.ARM.Collect$$libinit$$00000030)
    __rt_lib_init_argv_1                     0x08000203   Thumb Code     0  libinit2.o(.ARM.Collect$$libinit$$0000002E)
    __rt_lib_init_atexit_1                   0x08000203   Thumb Code     0  libinit2.o(.ARM.Collect$$libinit$$0000001D)
    __rt_lib_init_clock_1                    0x08000203   Thumb Code     0  libinit2.o(.ARM.Collect$$libinit$$00000023)
    __rt_lib_init_cpp_2                      0x08000203   Thumb Code     0  libinit2.o(.ARM.Collect$$libinit$$00000033)
    __rt_lib_init_exceptions_1               0x08000203   Thumb Code     0  libinit2.o(.ARM.Collect$$libinit$$00000032)
    __rt_lib_init_fp_trap_1                  0x08000203   Thumb Code     0  libinit2.o(.ARM.Collect$$libinit$$00000021)
    __rt_lib_init_getenv_1                   0x08000203   Thumb Code     0  libinit2.o(.ARM.Collect$$libinit$$00000025)
    __rt_lib_init_heap_1                     0x08000203   Thumb Code     0  libinit2.o(.ARM.Collect$$libinit$$0000000C)
    __rt_lib_init_lc_collate_1               0x08000203   Thumb Code     0  libinit2.o(.ARM.Collect$$libinit$$00000013)
    __rt_lib_init_lc_ctype_1                 0x08000203   Thumb Code     0  libinit2.o(.ARM.Collect$$libinit$$00000015)
    __rt_lib_init_lc_monetary_1              0x08000203   Thumb Code     0  libinit2.o(.ARM.Collect$$libinit$$00000017)
    __rt_lib_init_lc_numeric_1               0x08000203   Thumb Code     0  libinit2.o(.ARM.Collect$$libinit$$00000019)
    __rt_lib_init_lc_time_1                  0x08000203   Thumb Code     0  libinit2.o(.ARM.Collect$$libinit$$0000001B)
    __rt_lib_init_preinit_1                  0x08000203   Thumb Code     0  libinit2.o(.ARM.Collect$$libinit$$00000006)
    __rt_lib_init_rand_1                     0x08000203   Thumb Code     0  libinit2.o(.ARM.Collect$$libinit$$00000010)
    __rt_lib_init_relocate_pie_1             0x08000203   Thumb Code     0  libinit2.o(.ARM.Collect$$libinit$$00000004)
    __rt_lib_init_signal_1                   0x08000203   Thumb Code     0  libinit2.o(.ARM.Collect$$libinit$$0000001F)
    __rt_lib_init_stdio_1                    0x08000203   Thumb Code     0  libinit2.o(.ARM.Collect$$libinit$$00000027)
    __rt_lib_init_user_alloc_1               0x08000203   Thumb Code     0  libinit2.o(.ARM.Collect$$libinit$$0000000E)
    __rt_lib_init_cpp_1                      0x08000207   Thumb Code     0  libinit2.o(.ARM.Collect$$libinit$$00000034)
    __rt_lib_init_return                     0x08000207   Thumb Code     0  libinit2.o(.ARM.Collect$$libinit$$00000035)
    __rt_lib_shutdown                        0x08000209   Thumb Code     0  libshutdown.o(.ARM.Collect$$libshutdown$$00000000)
    __rt_lib_shutdown_cpp_1                  0x0800020b   Thumb Code     0  libshutdown2.o(.ARM.Collect$$libshutdown$$00000002)
    __rt_lib_shutdown_fp_trap_1              0x0800020b   Thumb Code     0  libshutdown2.o(.ARM.Collect$$libshutdown$$00000007)
    __rt_lib_shutdown_heap_1                 0x0800020b   Thumb Code     0  libshutdown2.o(.ARM.Collect$$libshutdown$$0000000F)
    __rt_lib_shutdown_return                 0x0800020b   Thumb Code     0  libshutdown2.o(.ARM.Collect$$libshutdown$$00000010)
    __rt_lib_shutdown_signal_1               0x0800020b   Thumb Code     0  libshutdown2.o(.ARM.Collect$$libshutdown$$0000000A)
    __rt_lib_shutdown_stdio_1                0x0800020b   Thumb Code     0  libshutdown2.o(.ARM.Collect$$libshutdown$$00000004)
    __rt_lib_shutdown_user_alloc_1           0x0800020b   Thumb Code     0  libshutdown2.o(.ARM.Collect$$libshutdown$$0000000C)
    __rt_entry                               0x0800020d   Thumb Code     0  __rtentry.o(.ARM.Collect$$rtentry$$00000000)
    __rt_entry_presh_1                       0x0800020d   Thumb Code     0  __rtentry2.o(.ARM.Collect$$rtentry$$00000002)
    __rt_entry_sh                            0x0800020d   Thumb Code     0  __rtentry4.o(.ARM.Collect$$rtentry$$00000004)
    __rt_entry_li                            0x08000213   Thumb Code     0  __rtentry2.o(.ARM.Collect$$rtentry$$0000000A)
    __rt_entry_postsh_1                      0x08000213   Thumb Code     0  __rtentry2.o(.ARM.Collect$$rtentry$$00000009)
    __rt_entry_main                          0x08000217   Thumb Code     0  __rtentry2.o(.ARM.Collect$$rtentry$$0000000D)
    __rt_entry_postli_1                      0x08000217   Thumb Code     0  __rtentry2.o(.ARM.Collect$$rtentry$$0000000C)
    __rt_exit                                0x0800021f   Thumb Code     0  rtexit.o(.ARM.Collect$$rtexit$$00000000)
    __rt_exit_ls                             0x08000221   Thumb Code     0  rtexit2.o(.ARM.Collect$$rtexit$$00000003)
    __rt_exit_prels_1                        0x08000221   Thumb Code     0  rtexit2.o(.ARM.Collect$$rtexit$$00000002)
    __rt_exit_exit                           0x08000225   Thumb Code     0  rtexit2.o(.ARM.Collect$$rtexit$$00000004)
    Reset_Handler                            0x0800022d   Thumb Code     8  startup_stm32f407xx.o(.text)
    ADC_IRQHandler                           0x08000247   Thumb Code     0  startup_stm32f407xx.o(.text)
    CAN1_RX1_IRQHandler                      0x08000247   Thumb Code     0  startup_stm32f407xx.o(.text)
    CAN1_SCE_IRQHandler                      0x08000247   Thumb Code     0  startup_stm32f407xx.o(.text)
    CAN2_RX0_IRQHandler                      0x08000247   Thumb Code     0  startup_stm32f407xx.o(.text)
    CAN2_RX1_IRQHandler                      0x08000247   Thumb Code     0  startup_stm32f407xx.o(.text)
    CAN2_SCE_IRQHandler                      0x08000247   Thumb Code     0  startup_stm32f407xx.o(.text)
    CAN2_TX_IRQHandler                       0x08000247   Thumb Code     0  startup_stm32f407xx.o(.text)
    DCMI_IRQHandler                          0x08000247   Thumb Code     0  startup_stm32f407xx.o(.text)
    DMA1_Stream0_IRQHandler                  0x08000247   Thumb Code     0  startup_stm32f407xx.o(.text)
    DMA1_Stream2_IRQHandler                  0x08000247   Thumb Code     0  startup_stm32f407xx.o(.text)
    DMA1_Stream3_IRQHandler                  0x08000247   Thumb Code     0  startup_stm32f407xx.o(.text)
    DMA1_Stream4_IRQHandler                  0x08000247   Thumb Code     0  startup_stm32f407xx.o(.text)
    DMA1_Stream5_IRQHandler                  0x08000247   Thumb Code     0  startup_stm32f407xx.o(.text)
    DMA1_Stream6_IRQHandler                  0x08000247   Thumb Code     0  startup_stm32f407xx.o(.text)
    DMA1_Stream7_IRQHandler                  0x08000247   Thumb Code     0  startup_stm32f407xx.o(.text)
    DMA2_Stream0_IRQHandler                  0x08000247   Thumb Code     0  startup_stm32f407xx.o(.text)
    DMA2_Stream1_IRQHandler                  0x08000247   Thumb Code     0  startup_stm32f407xx.o(.text)
    DMA2_Stream2_IRQHandler                  0x08000247   Thumb Code     0  startup_stm32f407xx.o(.text)
    DMA2_Stream3_IRQHandler                  0x08000247   Thumb Code     0  startup_stm32f407xx.o(.text)
    DMA2_Stream4_IRQHandler                  0x08000247   Thumb Code     0  startup_stm32f407xx.o(.text)
    DMA2_Stream5_IRQHandler                  0x08000247   Thumb Code     0  startup_stm32f407xx.o(.text)
    DMA2_Stream6_IRQHandler                  0x08000247   Thumb Code     0  startup_stm32f407xx.o(.text)
    DMA2_Stream7_IRQHandler                  0x08000247   Thumb Code     0  startup_stm32f407xx.o(.text)
    ETH_IRQHandler                           0x08000247   Thumb Code     0  startup_stm32f407xx.o(.text)
    ETH_WKUP_IRQHandler                      0x08000247   Thumb Code     0  startup_stm32f407xx.o(.text)
    EXTI0_IRQHandler                         0x08000247   Thumb Code     0  startup_stm32f407xx.o(.text)
    EXTI15_10_IRQHandler                     0x08000247   Thumb Code     0  startup_stm32f407xx.o(.text)
    EXTI1_IRQHandler                         0x08000247   Thumb Code     0  startup_stm32f407xx.o(.text)
    EXTI2_IRQHandler                         0x08000247   Thumb Code     0  startup_stm32f407xx.o(.text)
    EXTI3_IRQHandler                         0x08000247   Thumb Code     0  startup_stm32f407xx.o(.text)
    EXTI4_IRQHandler                         0x08000247   Thumb Code     0  startup_stm32f407xx.o(.text)
    EXTI9_5_IRQHandler                       0x08000247   Thumb Code     0  startup_stm32f407xx.o(.text)
    FLASH_IRQHandler                         0x08000247   Thumb Code     0  startup_stm32f407xx.o(.text)
    FMC_IRQHandler                           0x08000247   Thumb Code     0  startup_stm32f407xx.o(.text)
    FPU_IRQHandler                           0x08000247   Thumb Code     0  startup_stm32f407xx.o(.text)
    HASH_RNG_IRQHandler                      0x08000247   Thumb Code     0  startup_stm32f407xx.o(.text)
    I2C1_ER_IRQHandler                       0x08000247   Thumb Code     0  startup_stm32f407xx.o(.text)
    I2C1_EV_IRQHandler                       0x08000247   Thumb Code     0  startup_stm32f407xx.o(.text)
    I2C2_ER_IRQHandler                       0x08000247   Thumb Code     0  startup_stm32f407xx.o(.text)
    I2C2_EV_IRQHandler                       0x08000247   Thumb Code     0  startup_stm32f407xx.o(.text)
    I2C3_ER_IRQHandler                       0x08000247   Thumb Code     0  startup_stm32f407xx.o(.text)
    I2C3_EV_IRQHandler                       0x08000247   Thumb Code     0  startup_stm32f407xx.o(.text)
    OTG_FS_IRQHandler                        0x08000247   Thumb Code     0  startup_stm32f407xx.o(.text)
    OTG_FS_WKUP_IRQHandler                   0x08000247   Thumb Code     0  startup_stm32f407xx.o(.text)
    OTG_HS_EP1_IN_IRQHandler                 0x08000247   Thumb Code     0  startup_stm32f407xx.o(.text)
    OTG_HS_EP1_OUT_IRQHandler                0x08000247   Thumb Code     0  startup_stm32f407xx.o(.text)
    OTG_HS_IRQHandler                        0x08000247   Thumb Code     0  startup_stm32f407xx.o(.text)
    OTG_HS_WKUP_IRQHandler                   0x08000247   Thumb Code     0  startup_stm32f407xx.o(.text)
    PVD_IRQHandler                           0x08000247   Thumb Code     0  startup_stm32f407xx.o(.text)
    RCC_IRQHandler                           0x08000247   Thumb Code     0  startup_stm32f407xx.o(.text)
    RTC_Alarm_IRQHandler                     0x08000247   Thumb Code     0  startup_stm32f407xx.o(.text)
    RTC_WKUP_IRQHandler                      0x08000247   Thumb Code     0  startup_stm32f407xx.o(.text)
    SDIO_IRQHandler                          0x08000247   Thumb Code     0  startup_stm32f407xx.o(.text)
    SPI1_IRQHandler                          0x08000247   Thumb Code     0  startup_stm32f407xx.o(.text)
    SPI2_IRQHandler                          0x08000247   Thumb Code     0  startup_stm32f407xx.o(.text)
    SPI3_IRQHandler                          0x08000247   Thumb Code     0  startup_stm32f407xx.o(.text)
    TAMP_STAMP_IRQHandler                    0x08000247   Thumb Code     0  startup_stm32f407xx.o(.text)
    TIM1_BRK_TIM9_IRQHandler                 0x08000247   Thumb Code     0  startup_stm32f407xx.o(.text)
    TIM1_CC_IRQHandler                       0x08000247   Thumb Code     0  startup_stm32f407xx.o(.text)
    TIM1_TRG_COM_TIM11_IRQHandler            0x08000247   Thumb Code     0  startup_stm32f407xx.o(.text)
    TIM1_UP_TIM10_IRQHandler                 0x08000247   Thumb Code     0  startup_stm32f407xx.o(.text)
    TIM2_IRQHandler                          0x08000247   Thumb Code     0  startup_stm32f407xx.o(.text)
    TIM3_IRQHandler                          0x08000247   Thumb Code     0  startup_stm32f407xx.o(.text)
    TIM4_IRQHandler                          0x08000247   Thumb Code     0  startup_stm32f407xx.o(.text)
    TIM5_IRQHandler                          0x08000247   Thumb Code     0  startup_stm32f407xx.o(.text)
    TIM7_IRQHandler                          0x08000247   Thumb Code     0  startup_stm32f407xx.o(.text)
    TIM8_BRK_TIM12_IRQHandler                0x08000247   Thumb Code     0  startup_stm32f407xx.o(.text)
    TIM8_CC_IRQHandler                       0x08000247   Thumb Code     0  startup_stm32f407xx.o(.text)
    TIM8_TRG_COM_TIM14_IRQHandler            0x08000247   Thumb Code     0  startup_stm32f407xx.o(.text)
    TIM8_UP_TIM13_IRQHandler                 0x08000247   Thumb Code     0  startup_stm32f407xx.o(.text)
    UART4_IRQHandler                         0x08000247   Thumb Code     0  startup_stm32f407xx.o(.text)
    UART5_IRQHandler                         0x08000247   Thumb Code     0  startup_stm32f407xx.o(.text)
    USART1_IRQHandler                        0x08000247   Thumb Code     0  startup_stm32f407xx.o(.text)
    USART2_IRQHandler                        0x08000247   Thumb Code     0  startup_stm32f407xx.o(.text)
    USART6_IRQHandler                        0x08000247   Thumb Code     0  startup_stm32f407xx.o(.text)
    WWDG_IRQHandler                          0x08000247   Thumb Code     0  startup_stm32f407xx.o(.text)
    __user_initial_stackheap                 0x08000249   Thumb Code     0  startup_stm32f407xx.o(.text)
    __aeabi_uldivmod                         0x0800026d   Thumb Code     0  lludivv7m.o(.text)
    _ll_udiv                                 0x0800026d   Thumb Code   240  lludivv7m.o(.text)
    __aeabi_memclr4                          0x0800035d   Thumb Code     0  rt_memclr_w.o(.text)
    __aeabi_memclr8                          0x0800035d   Thumb Code     0  rt_memclr_w.o(.text)
    __rt_memclr_w                            0x0800035d   Thumb Code     0  rt_memclr_w.o(.text)
    _memset_w                                0x08000361   Thumb Code    74  rt_memclr_w.o(.text)
    __use_two_region_memory                  0x080003ab   Thumb Code     2  heapauxi.o(.text)
    __rt_heap_escrow$2region                 0x080003ad   Thumb Code     2  heapauxi.o(.text)
    __rt_heap_expand$2region                 0x080003af   Thumb Code     2  heapauxi.o(.text)
    __cpp_initialize__aeabi_                 0x080003b1   Thumb Code    28  init_aeabi.o(.text)
    __user_setup_stackheap                   0x080003d5   Thumb Code    74  sys_stackheap_outer.o(.text)
    exit                                     0x0800041f   Thumb Code    18  exit.o(.text)
    __user_libspace                          0x08000431   Thumb Code     8  libspace.o(.text)
    __user_perproc_libspace                  0x08000431   Thumb Code     0  libspace.o(.text)
    __user_perthread_libspace                0x08000431   Thumb Code     0  libspace.o(.text)
    _sys_exit                                0x08000439   Thumb Code     8  sys_exit.o(.text)
    __I$use$semihosting                      0x08000445   Thumb Code     0  use_no_semi.o(.text)
    __use_no_semihosting_swi                 0x08000445   Thumb Code     2  use_no_semi.o(.text)
    __semihosting_library_function           0x08000447   Thumb Code     0  indicate_semi.o(.text)
    BusFault_Handler                         0x08000449   Thumb Code     4  stm32f4xx_it.o(.text.BusFault_Handler)
    CAN1_RX0_IRQHandler                      0x0800044d   Thumb Code    16  stm32f4xx_it.o(.text.CAN1_RX0_IRQHandler)
    CAN1_TX_IRQHandler                       0x0800045d   Thumb Code    16  stm32f4xx_it.o(.text.CAN1_TX_IRQHandler)
    CAN_Send                                 0x0800046d   Thumb Code   100  appmain.o(.text.CAN_Send)
    DMA1_Stream1_IRQHandler                  0x080004d1   Thumb Code    16  stm32f4xx_it.o(.text.DMA1_Stream1_IRQHandler)
    DebugMon_Handler                         0x08000679   Thumb Code     2  stm32f4xx_it.o(.text.DebugMon_Handler)
    Error_Handler                            0x0800067d   Thumb Code     6  main.o(.text.Error_Handler)
    HAL_CAN_ActivateNotification             0x08000685   Thumb Code    82  stm32f4xx_hal_can.o(.text.HAL_CAN_ActivateNotification)
    HAL_CAN_AddTxMessage                     0x080006d9   Thumb Code   342  stm32f4xx_hal_can.o(.text.HAL_CAN_AddTxMessage)
    HAL_CAN_ConfigFilter                     0x08000831   Thumb Code   414  stm32f4xx_hal_can.o(.text.HAL_CAN_ConfigFilter)
    HAL_CAN_ErrorCallback                    0x080009d1   Thumb Code     8  stm32f4xx_hal_can.o(.text.HAL_CAN_ErrorCallback)
    HAL_CAN_GetRxMessage                     0x080009d9   Thumb Code   530  stm32f4xx_hal_can.o(.text.HAL_CAN_GetRxMessage)
    HAL_CAN_IRQHandler                       0x08000bed   Thumb Code  1010  stm32f4xx_hal_can.o(.text.HAL_CAN_IRQHandler)
    HAL_CAN_Init                             0x08000fe1   Thumb Code   478  stm32f4xx_hal_can.o(.text.HAL_CAN_Init)
    HAL_CAN_MspInit                          0x080011c1   Thumb Code   180  can.o(.text.HAL_CAN_MspInit)
    HAL_CAN_RxFifo0FullCallback              0x08001275   Thumb Code     8  stm32f4xx_hal_can.o(.text.HAL_CAN_RxFifo0FullCallback)
    HAL_CAN_RxFifo0MsgPendingCallback        0x0800127d   Thumb Code    36  appmain.o(.text.HAL_CAN_RxFifo0MsgPendingCallback)
    HAL_CAN_RxFifo1FullCallback              0x080012a1   Thumb Code     8  stm32f4xx_hal_can.o(.text.HAL_CAN_RxFifo1FullCallback)
    HAL_CAN_RxFifo1MsgPendingCallback        0x080012a9   Thumb Code     8  stm32f4xx_hal_can.o(.text.HAL_CAN_RxFifo1MsgPendingCallback)
    HAL_CAN_SleepCallback                    0x080012b1   Thumb Code     8  stm32f4xx_hal_can.o(.text.HAL_CAN_SleepCallback)
    HAL_CAN_Start                            0x080012b9   Thumb Code   138  stm32f4xx_hal_can.o(.text.HAL_CAN_Start)
    HAL_CAN_TxMailbox0AbortCallback          0x08001345   Thumb Code     8  stm32f4xx_hal_can.o(.text.HAL_CAN_TxMailbox0AbortCallback)
    HAL_CAN_TxMailbox0CompleteCallback       0x0800134d   Thumb Code     8  stm32f4xx_hal_can.o(.text.HAL_CAN_TxMailbox0CompleteCallback)
    HAL_CAN_TxMailbox1AbortCallback          0x08001355   Thumb Code     8  stm32f4xx_hal_can.o(.text.HAL_CAN_TxMailbox1AbortCallback)
    HAL_CAN_TxMailbox1CompleteCallback       0x0800135d   Thumb Code     8  stm32f4xx_hal_can.o(.text.HAL_CAN_TxMailbox1CompleteCallback)
    HAL_CAN_TxMailbox2AbortCallback          0x08001365   Thumb Code     8  stm32f4xx_hal_can.o(.text.HAL_CAN_TxMailbox2AbortCallback)
    HAL_CAN_TxMailbox2CompleteCallback       0x0800136d   Thumb Code     8  stm32f4xx_hal_can.o(.text.HAL_CAN_TxMailbox2CompleteCallback)
    HAL_CAN_WakeUpFromRxMsgCallback          0x08001375   Thumb Code     8  stm32f4xx_hal_can.o(.text.HAL_CAN_WakeUpFromRxMsgCallback)
    HAL_DMA_Abort                            0x0800137d   Thumb Code   236  stm32f4xx_hal_dma.o(.text.HAL_DMA_Abort)
    HAL_DMA_Abort_IT                         0x08001469   Thumb Code    68  stm32f4xx_hal_dma.o(.text.HAL_DMA_Abort_IT)
    HAL_DMA_IRQHandler                       0x080014ad   Thumb Code   798  stm32f4xx_hal_dma.o(.text.HAL_DMA_IRQHandler)
    HAL_DMA_Init                             0x080017cd   Thumb Code   366  stm32f4xx_hal_dma.o(.text.HAL_DMA_Init)
    HAL_DMA_Start_IT                         0x0800193d   Thumb Code   194  stm32f4xx_hal_dma.o(.text.HAL_DMA_Start_IT)
    HAL_GPIO_Init                            0x08001a01   Thumb Code   950  stm32f4xx_hal_gpio.o(.text.HAL_GPIO_Init)
    HAL_GPIO_WritePin                        0x08001db9   Thumb Code    46  stm32f4xx_hal_gpio.o(.text.HAL_GPIO_WritePin)
    HAL_GetTick                              0x08001de9   Thumb Code    12  stm32f4xx_hal.o(.text.HAL_GetTick)
    HAL_IncTick                              0x08001df5   Thumb Code    26  stm32f4xx_hal.o(.text.HAL_IncTick)
    HAL_Init                                 0x08001e11   Thumb Code    54  stm32f4xx_hal.o(.text.HAL_Init)
    HAL_InitTick                             0x08001e49   Thumb Code   112  stm32f4xx_hal.o(.text.HAL_InitTick)
    HAL_MspInit                              0x08001eb9   Thumb Code    74  stm32f4xx_hal_msp.o(.text.HAL_MspInit)
    HAL_NVIC_EnableIRQ                       0x08001f05   Thumb Code    20  stm32f4xx_hal_cortex.o(.text.HAL_NVIC_EnableIRQ)
    HAL_NVIC_SetPriority                     0x08001f19   Thumb Code    50  stm32f4xx_hal_cortex.o(.text.HAL_NVIC_SetPriority)
    HAL_NVIC_SetPriorityGrouping             0x08001f4d   Thumb Code    16  stm32f4xx_hal_cortex.o(.text.HAL_NVIC_SetPriorityGrouping)
    HAL_RCC_ClockConfig                      0x08001f5d   Thumb Code   610  stm32f4xx_hal_rcc.o(.text.HAL_RCC_ClockConfig)
    HAL_RCC_GetHCLKFreq                      0x080021c1   Thumb Code    12  stm32f4xx_hal_rcc.o(.text.HAL_RCC_GetHCLKFreq)
    HAL_RCC_GetPCLK1Freq                     0x080021cd   Thumb Code    34  stm32f4xx_hal_rcc.o(.text.HAL_RCC_GetPCLK1Freq)
    HAL_RCC_GetPCLK2Freq                     0x080021f1   Thumb Code    34  stm32f4xx_hal_rcc.o(.text.HAL_RCC_GetPCLK2Freq)
    HAL_RCC_GetSysClockFreq                  0x08002215   Thumb Code   230  stm32f4xx_hal_rcc.o(.text.HAL_RCC_GetSysClockFreq)
    HAL_RCC_OscConfig                        0x080022fd   Thumb Code  1726  stm32f4xx_hal_rcc.o(.text.HAL_RCC_OscConfig)
    HAL_SPI_Init                             0x080029bd   Thumb Code   256  stm32f4xx_hal_spi.o(.text.HAL_SPI_Init)
    HAL_SPI_MspInit                          0x08002abd   Thumb Code   144  spi.o(.text.HAL_SPI_MspInit)
    HAL_SYSTICK_Config                       0x08002b4d   Thumb Code    16  stm32f4xx_hal_cortex.o(.text.HAL_SYSTICK_Config)
    HAL_TIMEx_BreakCallback                  0x08002b5d   Thumb Code     8  stm32f4xx_hal_tim_ex.o(.text.HAL_TIMEx_BreakCallback)
    HAL_TIMEx_CommutCallback                 0x08002b65   Thumb Code     8  stm32f4xx_hal_tim_ex.o(.text.HAL_TIMEx_CommutCallback)
    HAL_TIMEx_MasterConfigSynchronization    0x08002b6d   Thumb Code   290  stm32f4xx_hal_tim_ex.o(.text.HAL_TIMEx_MasterConfigSynchronization)
    HAL_TIM_Base_Init                        0x08002c91   Thumb Code   156  stm32f4xx_hal_tim.o(.text.HAL_TIM_Base_Init)
    HAL_TIM_Base_MspInit                     0x08002d2d   Thumb Code    82  tim.o(.text.HAL_TIM_Base_MspInit)
    HAL_TIM_Base_Start_IT                    0x08002d81   Thumb Code   246  stm32f4xx_hal_tim.o(.text.HAL_TIM_Base_Start_IT)
    HAL_TIM_IC_CaptureCallback               0x08002e79   Thumb Code     8  stm32f4xx_hal_tim.o(.text.HAL_TIM_IC_CaptureCallback)
    HAL_TIM_IRQHandler                       0x08002e81   Thumb Code   538  stm32f4xx_hal_tim.o(.text.HAL_TIM_IRQHandler)
    HAL_TIM_OC_DelayElapsedCallback          0x0800309d   Thumb Code     8  stm32f4xx_hal_tim.o(.text.HAL_TIM_OC_DelayElapsedCallback)
    HAL_TIM_PWM_PulseFinishedCallback        0x080030a5   Thumb Code     8  stm32f4xx_hal_tim.o(.text.HAL_TIM_PWM_PulseFinishedCallback)
    HAL_TIM_PeriodElapsedCallback            0x080030ad   Thumb Code   392  appmain.o(.text.HAL_TIM_PeriodElapsedCallback)
    HAL_TIM_TriggerCallback                  0x08003235   Thumb Code     8  stm32f4xx_hal_tim.o(.text.HAL_TIM_TriggerCallback)
    HAL_UARTEx_ReceiveToIdle_DMA             0x0800323d   Thumb Code   184  stm32f4xx_hal_uart.o(.text.HAL_UARTEx_ReceiveToIdle_DMA)
    HAL_UARTEx_RxEventCallback               0x080032f5   Thumb Code   124  appmain.o(.text.HAL_UARTEx_RxEventCallback)
    HAL_UART_ErrorCallback                   0x08003371   Thumb Code     8  stm32f4xx_hal_uart.o(.text.HAL_UART_ErrorCallback)
    HAL_UART_IRQHandler                      0x08003379   Thumb Code  1116  stm32f4xx_hal_uart.o(.text.HAL_UART_IRQHandler)
    HAL_UART_Init                            0x080037d5   Thumb Code   158  stm32f4xx_hal_uart.o(.text.HAL_UART_Init)
    HAL_UART_MspInit                         0x08003875   Thumb Code   248  usart.o(.text.HAL_UART_MspInit)
    HAL_UART_RxCpltCallback                  0x0800396d   Thumb Code     8  stm32f4xx_hal_uart.o(.text.HAL_UART_RxCpltCallback)
    HAL_UART_RxHalfCpltCallback              0x08003975   Thumb Code     8  stm32f4xx_hal_uart.o(.text.HAL_UART_RxHalfCpltCallback)
    HAL_UART_TxCpltCallback                  0x0800397d   Thumb Code     8  stm32f4xx_hal_uart.o(.text.HAL_UART_TxCpltCallback)
    HardFault_Handler                        0x08003985   Thumb Code     4  stm32f4xx_it.o(.text.HardFault_Handler)
    MX_CAN1_Init                             0x08003989   Thumb Code    78  can.o(.text.MX_CAN1_Init)
    MX_DMA_Init                              0x080039d9   Thumb Code    60  dma.o(.text.MX_DMA_Init)
    MX_GPIO_Init                             0x08003a15   Thumb Code   342  gpio.o(.text.MX_GPIO_Init)
    MX_SPI1_Init                             0x08003b6d   Thumb Code    82  spi.o(.text.MX_SPI1_Init)
    MX_TIM6_Init                             0x08003bc1   Thumb Code    90  tim.o(.text.MX_TIM6_Init)
    MX_USART3_UART_Init                      0x08003c1d   Thumb Code    76  usart.o(.text.MX_USART3_UART_Init)
    MemManage_Handler                        0x08003c69   Thumb Code     4  stm32f4xx_it.o(.text.MemManage_Handler)
    NMI_Handler                              0x08003c6d   Thumb Code     4  stm32f4xx_it.o(.text.NMI_Handler)
    PendSV_Handler                           0x08003cdd   Thumb Code     2  stm32f4xx_it.o(.text.PendSV_Handler)
    SVC_Handler                              0x08003ce1   Thumb Code     2  stm32f4xx_it.o(.text.SVC_Handler)
    SysTick_Handler                          0x08003d39   Thumb Code     8  stm32f4xx_it.o(.text.SysTick_Handler)
    SystemClock_Config                       0x08003d41   Thumb Code   186  main.o(.text.SystemClock_Config)
    SystemInit                               0x08003dfd   Thumb Code    18  system_stm32f4xx.o(.text.SystemInit)
    TIM6_DAC_IRQHandler                      0x08003e11   Thumb Code    16  stm32f4xx_it.o(.text.TIM6_DAC_IRQHandler)
    TIM_Base_SetConfig                       0x08003e21   Thumb Code   420  stm32f4xx_hal_tim.o(.text.TIM_Base_SetConfig)
    UART_Start_Receive_DMA                   0x0800451d   Thumb Code   304  stm32f4xx_hal_uart.o(.text.UART_Start_Receive_DMA)
    USART3_IRQHandler                        0x080046e1   Thumb Code    16  stm32f4xx_it.o(.text.USART3_IRQHandler)
    UsageFault_Handler                       0x080046f1   Thumb Code     4  stm32f4xx_it.o(.text.UsageFault_Handler)
    std::__2::enable_if<std::is_integral<short>::value, double>::type fabs[abi:v16000]<short>(short) 0x08004719   Thumb Code    56  motor.o(.text._Z4fabsB6v16000IsENSt3__29enable_ifIXsr3std11is_integralIT_EE5valueEdE4typeES2_)
    fabs[abi:v16000](float)                  0x08004751   Thumb Code    18  motor.o(.text._Z4fabsB6v16000f)
    PID::Reset()                             0x08004765   Thumb Code    18  pid.o(.text._ZN3PID5ResetEv)
    PID::Calculate(float, float, float)      0x08004779   Thumb Code   346  pid.o(.text._ZN3PID9CalculateEfff)
    PID::PID(float, float, float, float, float, float, float) 0x080048d5   Thumb Code    76  pid.o(.text._ZN3PIDC2Efffffff)
    PID::PID__sub_object(float, float, float, float, float, float, float) 0x080048d5   Thumb Code    76  pid.o(.text._ZN3PIDC2Efffffff)
    Motor::SetPosition(short)                0x08004921   Thumb Code    36  appmain.o(.text._ZN5Motor11SetPositionEs)
    Motor::SetDirection(MotorDirection_e)    0x08004945   Thumb Code    22  motor.o(.text._ZN5Motor12SetDirectionE16MotorDirection_e)
    Motor::ExecuteControl()                  0x0800495d   Thumb Code   316  motor.o(.text._ZN5Motor14ExecuteControlEv)
    Motor::IsPositionReached(float)          0x08004a99   Thumb Code    82  motor.o(.text._ZN5Motor17IsPositionReachedEf)
    Motor::init()                            0x08004af1   Thumb Code   236  motor.o(.text._ZN5Motor4initEv)
    Motor::Update(unsigned char const*)      0x08004bdd   Thumb Code   256  motor.o(.text._ZN5Motor6UpdateEPKh)
    Motor::SetTarget(ControlMode_e, float)   0x08004cdd   Thumb Code   168  motor.o(.text._ZN5Motor9SetTargetE13ControlMode_ef)
    Motor::Motor(PID const&, PID const&, MotorType, ControlMode_e) 0x08004d85   Thumb Code   308  motor.o(.text._ZN5MotorC2ERK3PIDS2_9MotorType13ControlMode_e)
    Motor::Motor__sub_object(PID const&, PID const&, MotorType, ControlMode_e) 0x08004d85   Thumb Code   308  motor.o(.text._ZN5MotorC2ERK3PIDS2_9MotorType13ControlMode_e)
    et_08::process_rc_frame(unsigned char*, unsigned char) 0x08004eb9   Thumb Code   532  wfly_et_08_remote_control.o(.text._ZN5et_0816process_rc_frameEPhh)
    et_08::getsa()                           0x080050cd   Thumb Code    12  appmain.o(.text._ZN5et_085getsaEv)
    et_08::getsb()                           0x080050d9   Thumb Code    12  appmain.o(.text._ZN5et_085getsbEv)
    et_08::getsc()                           0x080050e5   Thumb Code    12  appmain.o(.text._ZN5et_085getscEv)
    et_08::getsd()                           0x080050f1   Thumb Code    12  appmain.o(.text._ZN5et_085getsdEv)
    main                                     0x080053d9   Thumb Code    48  main.o(.text.main)
    move_random_position                     0x08005409   Thumb Code    54  appmain.o(.text.move_random_position)
    new_App_CAN_Callback                     0x08005441   Thumb Code    40  appmain.o(.text.new_App_CAN_Callback)
    new_App_Init                             0x08005469   Thumb Code   172  appmain.o(.text.new_App_Init)
    set_random_position                      0x08005515   Thumb Code    68  appmain.o(.text.set_random_position)
    __fpl_dcmp_Inf                           0x08005559   Thumb Code    24  dcmpi.o(x$fpl$dcmpinf)
    __aeabi_cdcmpeq                          0x08005571   Thumb Code     0  deqf.o(x$fpl$deqf)
    _dcmpeq                                  0x08005571   Thumb Code   120  deqf.o(x$fpl$deqf)
    __aeabi_i2d                              0x080055e9   Thumb Code     0  dflt_clz.o(x$fpl$dflt)
    _dflt                                    0x080055e9   Thumb Code    46  dflt_clz.o(x$fpl$dflt)
    __aeabi_cdcmpge                          0x08005619   Thumb Code     0  dgeqf.o(x$fpl$dgeqf)
    _dcmpge                                  0x08005619   Thumb Code   120  dgeqf.o(x$fpl$dgeqf)
    __aeabi_cdcmple                          0x08005691   Thumb Code     0  dleqf.o(x$fpl$dleqf)
    _dcmple                                  0x08005691   Thumb Code   120  dleqf.o(x$fpl$dleqf)
    __fpl_dcmple_InfNaN                      0x080056f3   Thumb Code     0  dleqf.o(x$fpl$dleqf)
    __fpl_dnaninf                            0x08005709   Thumb Code   156  dnaninf.o(x$fpl$dnaninf)
    __fpl_dretinf                            0x080057a5   Thumb Code    12  dretinf.o(x$fpl$dretinf)
    __aeabi_f2d                              0x080057b1   Thumb Code     0  f2d.o(x$fpl$f2d)
    _f2d                                     0x080057b1   Thumb Code    86  f2d.o(x$fpl$f2d)
    __aeabi_dcmpeq                           0x08005807   Thumb Code     0  dcmp.o(x$fpl$fcmp)
    _deq                                     0x08005807   Thumb Code    14  dcmp.o(x$fpl$fcmp)
    _dneq                                    0x08005815   Thumb Code    14  dcmp.o(x$fpl$fcmp)
    __aeabi_dcmpgt                           0x08005823   Thumb Code     0  dcmp.o(x$fpl$fcmp)
    _dgr                                     0x08005823   Thumb Code    14  dcmp.o(x$fpl$fcmp)
    __aeabi_dcmpge                           0x08005831   Thumb Code     0  dcmp.o(x$fpl$fcmp)
    _dgeq                                    0x08005831   Thumb Code    14  dcmp.o(x$fpl$fcmp)
    __aeabi_dcmple                           0x0800583f   Thumb Code     0  dcmp.o(x$fpl$fcmp)
    _dleq                                    0x0800583f   Thumb Code    14  dcmp.o(x$fpl$fcmp)
    __aeabi_dcmplt                           0x0800584d   Thumb Code     0  dcmp.o(x$fpl$fcmp)
    _dls                                     0x0800584d   Thumb Code    14  dcmp.o(x$fpl$fcmp)
    __fpl_fnaninf                            0x0800585b   Thumb Code   140  fnaninf.o(x$fpl$fnaninf)
    _fp_init                                 0x080058e7   Thumb Code    26  fpinit.o(x$fpl$fpinit)
    __fplib_config_fpu_vfp                   0x080058ff   Thumb Code     0  fpinit.o(x$fpl$fpinit)
    __fplib_config_pureend_doubles           0x080058ff   Thumb Code     0  fpinit.o(x$fpl$fpinit)
    AHBPrescTable                            0x08005900   Data          16  system_stm32f4xx.o(.rodata.AHBPrescTable)
    __I$use$fp                               0x08005900   Number         0  usenofp.o(x$fpl$usenofp)
    APBPrescTable                            0x08005910   Data           8  system_stm32f4xx.o(.rodata.APBPrescTable)
    Region$$Table$$Base                      0x08005920   Number         0  anon$$obj.o(Region$$Table)
    Region$$Table$$Limit                     0x08005940   Number         0  anon$$obj.o(Region$$Table)
    SHT$$INIT_ARRAY$$Base                    0x08005940   Number         0  appmain.o(.init_array)
    SHT$$INIT_ARRAY$$Limit                   0x08005944   Number         0  init_aeabi.o(.init_array)
    SystemCoreClock                          0x20000000   Data           4  system_stm32f4xx.o(.data.SystemCoreClock)
    uwTickFreq                               0x20000004   Data           1  stm32f4xx_hal.o(.data.uwTickFreq)
    uwTickPrio                               0x20000008   Data           4  stm32f4xx_hal.o(.data.uwTickPrio)
    __libspace_start                         0x20000010   Data          96  libspace.o(.bss)
    __temporary_stack_top$libspace           0x20000070   Data           0  libspace.o(.bss)
    current_m3                               0x20000070   Data           2  appmain.o(.bss.current_m3)
    d                                        0x20000072   Data           8  appmain.o(.bss.d)
    hcan1                                    0x2000007c   Data          40  can.o(.bss.hcan1)
    hdma_usart3_rx                           0x200000a4   Data          96  usart.o(.bss.hdma_usart3_rx)
    hspi1                                    0x20000104   Data          88  spi.o(.bss.hspi1)
    htim6                                    0x2000015c   Data          72  tim.o(.bss.htim6)
    huart3                                   0x200001a4   Data          72  usart.o(.bss.huart3)
    ismoving                                 0x200001ec   Data           1  appmain.o(.bss.ismoving)
    motor_always                             0x200001f0   Data         148  appmain.o(.bss.motor_always)
    motor_task                               0x20000284   Data         148  appmain.o(.bss.motor_task)
    new_motor                                0x20000318   Data         148  appmain.o(.bss.new_motor)
    p_pid_always                             0x200003ac   Data          40  appmain.o(.bss.p_pid_always)
    p_pid_task                               0x200003d4   Data          40  appmain.o(.bss.p_pid_task)
    rm_controller                            0x200003fc   Data          36  appmain.o(.bss.rm_controller)
    s_pid_always                             0x20000420   Data          40  appmain.o(.bss.s_pid_always)
    s_pid_task                               0x20000448   Data          40  appmain.o(.bss.s_pid_task)
    uart_rx_buf                              0x20000470   Data          36  appmain.o(.bss.uart_rx_buf)
    uwTick                                   0x20000494   Data           4  stm32f4xx_hal.o(.bss.uwTick)



==============================================================================

Memory Map of the image

  Image Entry point : 0x08000189

  Load Region LR_IROM1 (Base: 0x08000000, Size: 0x00005958, Max: 0x00100000, ABSOLUTE)

    Execution Region ER_IROM1 (Exec base: 0x08000000, Load base: 0x08000000, Size: 0x00005944, Max: 0x00100000, ABSOLUTE)

    Exec Addr    Load Addr    Size         Type   Attr      Idx    E Section Name        Object

    0x08000000   0x08000000   0x00000188   Data   RO            3    RESET               startup_stm32f407xx.o
    0x08000188   0x08000188   0x00000008   Code   RO         1405  * !!!main             c_w.l(__main.o)
    0x08000190   0x08000190   0x00000034   Code   RO         1615    !!!scatter          c_w.l(__scatter.o)
    0x080001c4   0x080001c4   0x0000001a   Code   RO         1617    !!handler_copy      c_w.l(__scatter_copy.o)
    0x080001de   0x080001de   0x00000002   PAD
    0x080001e0   0x080001e0   0x0000001c   Code   RO         1619    !!handler_zi        c_w.l(__scatter_zi.o)
    0x080001fc   0x080001fc   0x00000002   Code   RO         1532    .ARM.Collect$$libinit$$00000000  c_w.l(libinit.o)
    0x080001fe   0x080001fe   0x00000004   Code   RO         1428    .ARM.Collect$$libinit$$00000001  c_w.l(libinit2.o)
    0x08000202   0x08000202   0x00000000   Code   RO         1431    .ARM.Collect$$libinit$$00000004  c_w.l(libinit2.o)
    0x08000202   0x08000202   0x00000000   Code   RO         1433    .ARM.Collect$$libinit$$00000006  c_w.l(libinit2.o)
    0x08000202   0x08000202   0x00000000   Code   RO         1436    .ARM.Collect$$libinit$$0000000C  c_w.l(libinit2.o)
    0x08000202   0x08000202   0x00000000   Code   RO         1438    .ARM.Collect$$libinit$$0000000E  c_w.l(libinit2.o)
    0x08000202   0x08000202   0x00000000   Code   RO         1440    .ARM.Collect$$libinit$$00000010  c_w.l(libinit2.o)
    0x08000202   0x08000202   0x00000000   Code   RO         1443    .ARM.Collect$$libinit$$00000013  c_w.l(libinit2.o)
    0x08000202   0x08000202   0x00000000   Code   RO         1445    .ARM.Collect$$libinit$$00000015  c_w.l(libinit2.o)
    0x08000202   0x08000202   0x00000000   Code   RO         1447    .ARM.Collect$$libinit$$00000017  c_w.l(libinit2.o)
    0x08000202   0x08000202   0x00000000   Code   RO         1449    .ARM.Collect$$libinit$$00000019  c_w.l(libinit2.o)
    0x08000202   0x08000202   0x00000000   Code   RO         1451    .ARM.Collect$$libinit$$0000001B  c_w.l(libinit2.o)
    0x08000202   0x08000202   0x00000000   Code   RO         1453    .ARM.Collect$$libinit$$0000001D  c_w.l(libinit2.o)
    0x08000202   0x08000202   0x00000000   Code   RO         1455    .ARM.Collect$$libinit$$0000001F  c_w.l(libinit2.o)
    0x08000202   0x08000202   0x00000000   Code   RO         1457    .ARM.Collect$$libinit$$00000021  c_w.l(libinit2.o)
    0x08000202   0x08000202   0x00000000   Code   RO         1459    .ARM.Collect$$libinit$$00000023  c_w.l(libinit2.o)
    0x08000202   0x08000202   0x00000000   Code   RO         1461    .ARM.Collect$$libinit$$00000025  c_w.l(libinit2.o)
    0x08000202   0x08000202   0x00000000   Code   RO         1463    .ARM.Collect$$libinit$$00000027  c_w.l(libinit2.o)
    0x08000202   0x08000202   0x00000000   Code   RO         1467    .ARM.Collect$$libinit$$0000002E  c_w.l(libinit2.o)
    0x08000202   0x08000202   0x00000000   Code   RO         1469    .ARM.Collect$$libinit$$00000030  c_w.l(libinit2.o)
    0x08000202   0x08000202   0x00000000   Code   RO         1471    .ARM.Collect$$libinit$$00000032  c_w.l(libinit2.o)
    0x08000202   0x08000202   0x00000004   Code   RO         1472    .ARM.Collect$$libinit$$00000033  c_w.l(libinit2.o)
    0x08000206   0x08000206   0x00000000   Code   RO         1473    .ARM.Collect$$libinit$$00000034  c_w.l(libinit2.o)
    0x08000206   0x08000206   0x00000002   Code   RO         1474    .ARM.Collect$$libinit$$00000035  c_w.l(libinit2.o)
    0x08000208   0x08000208   0x00000002   Code   RO         1582    .ARM.Collect$$libshutdown$$00000000  c_w.l(libshutdown.o)
    0x0800020a   0x0800020a   0x00000000   Code   RO         1598    .ARM.Collect$$libshutdown$$00000002  c_w.l(libshutdown2.o)
    0x0800020a   0x0800020a   0x00000000   Code   RO         1600    .ARM.Collect$$libshutdown$$00000004  c_w.l(libshutdown2.o)
    0x0800020a   0x0800020a   0x00000000   Code   RO         1603    .ARM.Collect$$libshutdown$$00000007  c_w.l(libshutdown2.o)
    0x0800020a   0x0800020a   0x00000000   Code   RO         1606    .ARM.Collect$$libshutdown$$0000000A  c_w.l(libshutdown2.o)
    0x0800020a   0x0800020a   0x00000000   Code   RO         1608    .ARM.Collect$$libshutdown$$0000000C  c_w.l(libshutdown2.o)
    0x0800020a   0x0800020a   0x00000000   Code   RO         1611    .ARM.Collect$$libshutdown$$0000000F  c_w.l(libshutdown2.o)
    0x0800020a   0x0800020a   0x00000002   Code   RO         1612    .ARM.Collect$$libshutdown$$00000010  c_w.l(libshutdown2.o)
    0x0800020c   0x0800020c   0x00000000   Code   RO         1423    .ARM.Collect$$rtentry$$00000000  c_w.l(__rtentry.o)
    0x0800020c   0x0800020c   0x00000000   Code   RO         1491    .ARM.Collect$$rtentry$$00000002  c_w.l(__rtentry2.o)
    0x0800020c   0x0800020c   0x00000006   Code   RO         1503    .ARM.Collect$$rtentry$$00000004  c_w.l(__rtentry4.o)
    0x08000212   0x08000212   0x00000000   Code   RO         1493    .ARM.Collect$$rtentry$$00000009  c_w.l(__rtentry2.o)
    0x08000212   0x08000212   0x00000004   Code   RO         1494    .ARM.Collect$$rtentry$$0000000A  c_w.l(__rtentry2.o)
    0x08000216   0x08000216   0x00000000   Code   RO         1496    .ARM.Collect$$rtentry$$0000000C  c_w.l(__rtentry2.o)
    0x08000216   0x08000216   0x00000008   Code   RO         1497    .ARM.Collect$$rtentry$$0000000D  c_w.l(__rtentry2.o)
    0x0800021e   0x0800021e   0x00000002   Code   RO         1540    .ARM.Collect$$rtexit$$00000000  c_w.l(rtexit.o)
    0x08000220   0x08000220   0x00000000   Code   RO         1562    .ARM.Collect$$rtexit$$00000002  c_w.l(rtexit2.o)
    0x08000220   0x08000220   0x00000004   Code   RO         1563    .ARM.Collect$$rtexit$$00000003  c_w.l(rtexit2.o)
    0x08000224   0x08000224   0x00000006   Code   RO         1564    .ARM.Collect$$rtexit$$00000004  c_w.l(rtexit2.o)
    0x0800022a   0x0800022a   0x00000002   PAD
    0x0800022c   0x0800022c   0x00000040   Code   RO            4    .text               startup_stm32f407xx.o
    0x0800026c   0x0800026c   0x000000f0   Code   RO         1399    .text               c_w.l(lludivv7m.o)
    0x0800035c   0x0800035c   0x0000004e   Code   RO         1401    .text               c_w.l(rt_memclr_w.o)
    0x080003aa   0x080003aa   0x00000006   Code   RO         1403    .text               c_w.l(heapauxi.o)
    0x080003b0   0x080003b0   0x00000024   Code   RO         1410    .text               c_w.l(init_aeabi.o)
    0x080003d4   0x080003d4   0x0000004a   Code   RO         1515    .text               c_w.l(sys_stackheap_outer.o)
    0x0800041e   0x0800041e   0x00000012   Code   RO         1517    .text               c_w.l(exit.o)
    0x08000430   0x08000430   0x00000008   Code   RO         1537    .text               c_w.l(libspace.o)
    0x08000438   0x08000438   0x0000000c   Code   RO         1554    .text               c_w.l(sys_exit.o)
    0x08000444   0x08000444   0x00000002   Code   RO         1558    .text               c_w.l(use_no_semi.o)
    0x08000446   0x08000446   0x00000000   Code   RO         1560    .text               c_w.l(indicate_semi.o)
    0x08000446   0x08000446   0x00000002   PAD
    0x08000448   0x08000448   0x00000004   Code   RO          229    .text.BusFault_Handler  stm32f4xx_it.o
    0x0800044c   0x0800044c   0x00000010   Code   RO          245    .text.CAN1_RX0_IRQHandler  stm32f4xx_it.o
    0x0800045c   0x0800045c   0x00000010   Code   RO          243    .text.CAN1_TX_IRQHandler  stm32f4xx_it.o
    0x0800046c   0x0800046c   0x00000064   Code   RO           25    .text.CAN_Send      appmain.o
    0x080004d0   0x080004d0   0x00000010   Code   RO          241    .text.DMA1_Stream1_IRQHandler  stm32f4xx_it.o
    0x080004e0   0x080004e0   0x00000056   Code   RO          540    .text.DMA_CalcBaseAndBitshift  stm32f4xx_hal_dma.o
    0x08000536   0x08000536   0x00000002   PAD
    0x08000538   0x08000538   0x000000f0   Code   RO          538    .text.DMA_CheckFifoParam  stm32f4xx_hal_dma.o
    0x08000628   0x08000628   0x00000050   Code   RO          546    .text.DMA_SetConfig  stm32f4xx_hal_dma.o
    0x08000678   0x08000678   0x00000002   Code   RO          235    .text.DebugMon_Handler  stm32f4xx_it.o
    0x0800067a   0x0800067a   0x00000002   PAD
    0x0800067c   0x0800067c   0x00000006   Code   RO          140    .text.Error_Handler  main.o
    0x08000682   0x08000682   0x00000002   PAD
    0x08000684   0x08000684   0x00000052   Code   RO          317    .text.HAL_CAN_ActivateNotification  stm32f4xx_hal_can.o
    0x080006d6   0x080006d6   0x00000002   PAD
    0x080006d8   0x080006d8   0x00000156   Code   RO          303    .text.HAL_CAN_AddTxMessage  stm32f4xx_hal_can.o
    0x0800082e   0x0800082e   0x00000002   PAD
    0x08000830   0x08000830   0x0000019e   Code   RO          293    .text.HAL_CAN_ConfigFilter  stm32f4xx_hal_can.o
    0x080009ce   0x080009ce   0x00000002   PAD
    0x080009d0   0x080009d0   0x00000008   Code   RO          347    .text.HAL_CAN_ErrorCallback  stm32f4xx_hal_can.o
    0x080009d8   0x080009d8   0x00000212   Code   RO          313    .text.HAL_CAN_GetRxMessage  stm32f4xx_hal_can.o
    0x08000bea   0x08000bea   0x00000002   PAD
    0x08000bec   0x08000bec   0x000003f2   Code   RO          321    .text.HAL_CAN_IRQHandler  stm32f4xx_hal_can.o
    0x08000fde   0x08000fde   0x00000002   PAD
    0x08000fe0   0x08000fe0   0x000001de   Code   RO          283    .text.HAL_CAN_Init  stm32f4xx_hal_can.o
    0x080011be   0x080011be   0x00000002   PAD
    0x080011c0   0x080011c0   0x000000b4   Code   RO          160    .text.HAL_CAN_MspInit  can.o
    0x08001274   0x08001274   0x00000008   Code   RO          335    .text.HAL_CAN_RxFifo0FullCallback  stm32f4xx_hal_can.o
    0x0800127c   0x0800127c   0x00000024   Code   RO           39    .text.HAL_CAN_RxFifo0MsgPendingCallback  appmain.o
    0x080012a0   0x080012a0   0x00000008   Code   RO          339    .text.HAL_CAN_RxFifo1FullCallback  stm32f4xx_hal_can.o
    0x080012a8   0x080012a8   0x00000008   Code   RO          341    .text.HAL_CAN_RxFifo1MsgPendingCallback  stm32f4xx_hal_can.o
    0x080012b0   0x080012b0   0x00000008   Code   RO          343    .text.HAL_CAN_SleepCallback  stm32f4xx_hal_can.o
    0x080012b8   0x080012b8   0x0000008a   Code   RO          295    .text.HAL_CAN_Start  stm32f4xx_hal_can.o
    0x08001342   0x08001342   0x00000002   PAD
    0x08001344   0x08001344   0x00000008   Code   RO          325    .text.HAL_CAN_TxMailbox0AbortCallback  stm32f4xx_hal_can.o
    0x0800134c   0x0800134c   0x00000008   Code   RO          323    .text.HAL_CAN_TxMailbox0CompleteCallback  stm32f4xx_hal_can.o
    0x08001354   0x08001354   0x00000008   Code   RO          329    .text.HAL_CAN_TxMailbox1AbortCallback  stm32f4xx_hal_can.o
    0x0800135c   0x0800135c   0x00000008   Code   RO          327    .text.HAL_CAN_TxMailbox1CompleteCallback  stm32f4xx_hal_can.o
    0x08001364   0x08001364   0x00000008   Code   RO          333    .text.HAL_CAN_TxMailbox2AbortCallback  stm32f4xx_hal_can.o
    0x0800136c   0x0800136c   0x00000008   Code   RO          331    .text.HAL_CAN_TxMailbox2CompleteCallback  stm32f4xx_hal_can.o
    0x08001374   0x08001374   0x00000008   Code   RO          345    .text.HAL_CAN_WakeUpFromRxMsgCallback  stm32f4xx_hal_can.o
    0x0800137c   0x0800137c   0x000000ec   Code   RO          550    .text.HAL_DMA_Abort  stm32f4xx_hal_dma.o
    0x08001468   0x08001468   0x00000044   Code   RO          552    .text.HAL_DMA_Abort_IT  stm32f4xx_hal_dma.o
    0x080014ac   0x080014ac   0x0000031e   Code   RO          556    .text.HAL_DMA_IRQHandler  stm32f4xx_hal_dma.o
    0x080017ca   0x080017ca   0x00000002   PAD
    0x080017cc   0x080017cc   0x0000016e   Code   RO          536    .text.HAL_DMA_Init  stm32f4xx_hal_dma.o
    0x0800193a   0x0800193a   0x00000002   PAD
    0x0800193c   0x0800193c   0x000000c2   Code   RO          548    .text.HAL_DMA_Start_IT  stm32f4xx_hal_dma.o
    0x080019fe   0x080019fe   0x00000002   PAD
    0x08001a00   0x08001a00   0x000003b6   Code   RO          498    .text.HAL_GPIO_Init  stm32f4xx_hal_gpio.o
    0x08001db6   0x08001db6   0x00000002   PAD
    0x08001db8   0x08001db8   0x0000002e   Code   RO          504    .text.HAL_GPIO_WritePin  stm32f4xx_hal_gpio.o
    0x08001de6   0x08001de6   0x00000002   PAD
    0x08001de8   0x08001de8   0x0000000c   Code   RO          723    .text.HAL_GetTick   stm32f4xx_hal.o
    0x08001df4   0x08001df4   0x0000001a   Code   RO          721    .text.HAL_IncTick   stm32f4xx_hal.o
    0x08001e0e   0x08001e0e   0x00000002   PAD
    0x08001e10   0x08001e10   0x00000036   Code   RO          711    .text.HAL_Init      stm32f4xx_hal.o
    0x08001e46   0x08001e46   0x00000002   PAD
    0x08001e48   0x08001e48   0x00000070   Code   RO          713    .text.HAL_InitTick  stm32f4xx_hal.o
    0x08001eb8   0x08001eb8   0x0000004a   Code   RO          258    .text.HAL_MspInit   stm32f4xx_hal_msp.o
    0x08001f02   0x08001f02   0x00000002   PAD
    0x08001f04   0x08001f04   0x00000014   Code   RO          646    .text.HAL_NVIC_EnableIRQ  stm32f4xx_hal_cortex.o
    0x08001f18   0x08001f18   0x00000032   Code   RO          638    .text.HAL_NVIC_SetPriority  stm32f4xx_hal_cortex.o
    0x08001f4a   0x08001f4a   0x00000002   PAD
    0x08001f4c   0x08001f4c   0x00000010   Code   RO          634    .text.HAL_NVIC_SetPriorityGrouping  stm32f4xx_hal_cortex.o
    0x08001f5c   0x08001f5c   0x00000262   Code   RO          366    .text.HAL_RCC_ClockConfig  stm32f4xx_hal_rcc.o
    0x080021be   0x080021be   0x00000002   PAD
    0x080021c0   0x080021c0   0x0000000c   Code   RO          376    .text.HAL_RCC_GetHCLKFreq  stm32f4xx_hal_rcc.o
    0x080021cc   0x080021cc   0x00000022   Code   RO          378    .text.HAL_RCC_GetPCLK1Freq  stm32f4xx_hal_rcc.o
    0x080021ee   0x080021ee   0x00000002   PAD
    0x080021f0   0x080021f0   0x00000022   Code   RO          380    .text.HAL_RCC_GetPCLK2Freq  stm32f4xx_hal_rcc.o
    0x08002212   0x08002212   0x00000002   PAD
    0x08002214   0x08002214   0x000000e6   Code   RO          368    .text.HAL_RCC_GetSysClockFreq  stm32f4xx_hal_rcc.o
    0x080022fa   0x080022fa   0x00000002   PAD
    0x080022fc   0x080022fc   0x000006be   Code   RO          364    .text.HAL_RCC_OscConfig  stm32f4xx_hal_rcc.o
    0x080029ba   0x080029ba   0x00000002   PAD
    0x080029bc   0x080029bc   0x00000100   Code   RO          800    .text.HAL_SPI_Init  stm32f4xx_hal_spi.o
    0x08002abc   0x08002abc   0x00000090   Code   RO          182    .text.HAL_SPI_MspInit  spi.o
    0x08002b4c   0x08002b4c   0x00000010   Code   RO          658    .text.HAL_SYSTICK_Config  stm32f4xx_hal_cortex.o
    0x08002b5c   0x08002b5c   0x00000008   Code   RO         1240    .text.HAL_TIMEx_BreakCallback  stm32f4xx_hal_tim_ex.o
    0x08002b64   0x08002b64   0x00000008   Code   RO         1236    .text.HAL_TIMEx_CommutCallback  stm32f4xx_hal_tim_ex.o
    0x08002b6c   0x08002b6c   0x00000122   Code   RO         1230    .text.HAL_TIMEx_MasterConfigSynchronization  stm32f4xx_hal_tim_ex.o
    0x08002c8e   0x08002c8e   0x00000002   PAD
    0x08002c90   0x08002c90   0x0000009c   Code   RO          917    .text.HAL_TIM_Base_Init  stm32f4xx_hal_tim.o
    0x08002d2c   0x08002d2c   0x00000052   Code   RO          196    .text.HAL_TIM_Base_MspInit  tim.o
    0x08002d7e   0x08002d7e   0x00000002   PAD
    0x08002d80   0x08002d80   0x000000f6   Code   RO          931    .text.HAL_TIM_Base_Start_IT  stm32f4xx_hal_tim.o
    0x08002e76   0x08002e76   0x00000002   PAD
    0x08002e78   0x08002e78   0x00000008   Code   RO         1053    .text.HAL_TIM_IC_CaptureCallback  stm32f4xx_hal_tim.o
    0x08002e80   0x08002e80   0x0000021a   Code   RO         1051    .text.HAL_TIM_IRQHandler  stm32f4xx_hal_tim.o
    0x0800309a   0x0800309a   0x00000002   PAD
    0x0800309c   0x0800309c   0x00000008   Code   RO         1055    .text.HAL_TIM_OC_DelayElapsedCallback  stm32f4xx_hal_tim.o
    0x080030a4   0x080030a4   0x00000008   Code   RO         1057    .text.HAL_TIM_PWM_PulseFinishedCallback  stm32f4xx_hal_tim.o
    0x080030ac   0x080030ac   0x00000188   Code   RO           33    .text.HAL_TIM_PeriodElapsedCallback  appmain.o
    0x08003234   0x08003234   0x00000008   Code   RO         1061    .text.HAL_TIM_TriggerCallback  stm32f4xx_hal_tim.o
    0x0800323c   0x0800323c   0x000000b8   Code   RO         1307    .text.HAL_UARTEx_ReceiveToIdle_DMA  stm32f4xx_hal_uart.o
    0x080032f4   0x080032f4   0x0000007c   Code   RO           43    .text.HAL_UARTEx_RxEventCallback  appmain.o
    0x08003370   0x08003370   0x00000008   Code   RO         1343    .text.HAL_UART_ErrorCallback  stm32f4xx_hal_uart.o
    0x08003378   0x08003378   0x0000045c   Code   RO         1337    .text.HAL_UART_IRQHandler  stm32f4xx_hal_uart.o
    0x080037d4   0x080037d4   0x0000009e   Code   RO         1253    .text.HAL_UART_Init  stm32f4xx_hal_uart.o
    0x08003872   0x08003872   0x00000002   PAD
    0x08003874   0x08003874   0x000000f8   Code   RO          210    .text.HAL_UART_MspInit  usart.o
    0x0800396c   0x0800396c   0x00000008   Code   RO         1355    .text.HAL_UART_RxCpltCallback  stm32f4xx_hal_uart.o
    0x08003974   0x08003974   0x00000008   Code   RO         1357    .text.HAL_UART_RxHalfCpltCallback  stm32f4xx_hal_uart.o
    0x0800397c   0x0800397c   0x00000008   Code   RO         1351    .text.HAL_UART_TxCpltCallback  stm32f4xx_hal_uart.o
    0x08003984   0x08003984   0x00000004   Code   RO          225    .text.HardFault_Handler  stm32f4xx_it.o
    0x08003988   0x08003988   0x0000004e   Code   RO          158    .text.MX_CAN1_Init  can.o
    0x080039d6   0x080039d6   0x00000002   PAD
    0x080039d8   0x080039d8   0x0000003c   Code   RO          172    .text.MX_DMA_Init   dma.o
    0x08003a14   0x08003a14   0x00000156   Code   RO          150    .text.MX_GPIO_Init  gpio.o
    0x08003b6a   0x08003b6a   0x00000002   PAD
    0x08003b6c   0x08003b6c   0x00000052   Code   RO          180    .text.MX_SPI1_Init  spi.o
    0x08003bbe   0x08003bbe   0x00000002   PAD
    0x08003bc0   0x08003bc0   0x0000005a   Code   RO          194    .text.MX_TIM6_Init  tim.o
    0x08003c1a   0x08003c1a   0x00000002   PAD
    0x08003c1c   0x08003c1c   0x0000004c   Code   RO          208    .text.MX_USART3_UART_Init  usart.o
    0x08003c68   0x08003c68   0x00000004   Code   RO          227    .text.MemManage_Handler  stm32f4xx_it.o
    0x08003c6c   0x08003c6c   0x00000004   Code   RO          223    .text.NMI_Handler   stm32f4xx_it.o
    0x08003c70   0x08003c70   0x0000006c   Code   RO          644    .text.NVIC_EncodePriority  stm32f4xx_hal_cortex.o
    0x08003cdc   0x08003cdc   0x00000002   Code   RO          237    .text.PendSV_Handler  stm32f4xx_it.o
    0x08003cde   0x08003cde   0x00000002   PAD
    0x08003ce0   0x08003ce0   0x00000002   Code   RO          233    .text.SVC_Handler   stm32f4xx_it.o
    0x08003ce2   0x08003ce2   0x00000002   PAD
    0x08003ce4   0x08003ce4   0x00000052   Code   RO          660    .text.SysTick_Config  stm32f4xx_hal_cortex.o
    0x08003d36   0x08003d36   0x00000002   PAD
    0x08003d38   0x08003d38   0x00000008   Code   RO          239    .text.SysTick_Handler  stm32f4xx_it.o
    0x08003d40   0x08003d40   0x000000ba   Code   RO          138    .text.SystemClock_Config  main.o
    0x08003dfa   0x08003dfa   0x00000002   PAD
    0x08003dfc   0x08003dfc   0x00000012   Code   RO         1384    .text.SystemInit    system_stm32f4xx.o
    0x08003e0e   0x08003e0e   0x00000002   PAD
    0x08003e10   0x08003e10   0x00000010   Code   RO          249    .text.TIM6_DAC_IRQHandler  stm32f4xx_it.o
    0x08003e20   0x08003e20   0x000001a4   Code   RO          921    .text.TIM_Base_SetConfig  stm32f4xx_hal_tim.o
    0x08003fc4   0x08003fc4   0x0000001c   Code   RO         1341    .text.UART_DMAAbortOnError  stm32f4xx_hal_uart.o
    0x08003fe0   0x08003fe0   0x0000007c   Code   RO         1287    .text.UART_DMAError  stm32f4xx_hal_uart.o
    0x0800405c   0x0800405c   0x000000f4   Code   RO         1373    .text.UART_DMAReceiveCplt  stm32f4xx_hal_uart.o
    0x08004150   0x08004150   0x00000034   Code   RO         1375    .text.UART_DMARxHalfCplt  stm32f4xx_hal_uart.o
    0x08004184   0x08004184   0x00000094   Code   RO         1301    .text.UART_EndRxTransfer  stm32f4xx_hal_uart.o
    0x08004218   0x08004218   0x00000026   Code   RO         1349    .text.UART_EndTransmit_IT  stm32f4xx_hal_uart.o
    0x0800423e   0x0800423e   0x00000002   PAD
    0x08004240   0x08004240   0x00000036   Code   RO         1299    .text.UART_EndTxTransfer  stm32f4xx_hal_uart.o
    0x08004276   0x08004276   0x00000002   PAD
    0x08004278   0x08004278   0x00000168   Code   RO         1339    .text.UART_Receive_IT  stm32f4xx_hal_uart.o
    0x080043e0   0x080043e0   0x0000013a   Code   RO         1257    .text.UART_SetConfig  stm32f4xx_hal_uart.o
    0x0800451a   0x0800451a   0x00000002   PAD
    0x0800451c   0x0800451c   0x00000130   Code   RO         1291    .text.UART_Start_Receive_DMA  stm32f4xx_hal_uart.o
    0x0800464c   0x0800464c   0x00000094   Code   RO         1347    .text.UART_Transmit_IT  stm32f4xx_hal_uart.o
    0x080046e0   0x080046e0   0x00000010   Code   RO          247    .text.USART3_IRQHandler  stm32f4xx_it.o
    0x080046f0   0x080046f0   0x00000004   Code   RO          231    .text.UsageFault_Handler  stm32f4xx_it.o
    0x080046f4   0x080046f4   0x00000020   Code   RO           49    .text._GLOBAL__sub_I_AppMain.cpp  appmain.o
    0x08004714   0x08004714   0x00000004   PAD
    0x08004718   0x08004718   0x00000038   Code   RO          118    .text._Z4fabsB6v16000IsENSt3__29enable_ifIXsr3std11is_integralIT_EE5valueEdE4typeES2_  motor.o
    0x08004750   0x08004750   0x00000012   Code   RO          120    .text._Z4fabsB6v16000f  motor.o
    0x08004762   0x08004762   0x00000002   PAD
    0x08004764   0x08004764   0x00000012   Code   RO          125    .text._ZN3PID5ResetEv  pid.o
    0x08004776   0x08004776   0x00000002   PAD
    0x08004778   0x08004778   0x0000015a   Code   RO          127    .text._ZN3PID9CalculateEfff  pid.o
    0x080048d2   0x080048d2   0x00000002   PAD
    0x080048d4   0x080048d4   0x0000004c   Code   RO          123    .text._ZN3PIDC2Efffffff  pid.o
    0x08004920   0x08004920   0x00000024   Code   RO           89    .text._ZN5Motor11SetPositionEs  appmain.o
    0x08004944   0x08004944   0x00000016   Code   RO          110    .text._ZN5Motor12SetDirectionE16MotorDirection_e  motor.o
    0x0800495a   0x0800495a   0x00000002   PAD
    0x0800495c   0x0800495c   0x0000013c   Code   RO          102    .text._ZN5Motor14ExecuteControlEv  motor.o
    0x08004a98   0x08004a98   0x00000052   Code   RO          106    .text._ZN5Motor17IsPositionReachedEf  motor.o
    0x08004aea   0x08004aea   0x00000006   PAD
    0x08004af0   0x08004af0   0x000000ec   Code   RO           94    .text._ZN5Motor4initEv  motor.o
    0x08004bdc   0x08004bdc   0x00000100   Code   RO          100    .text._ZN5Motor6UpdateEPKh  motor.o
    0x08004cdc   0x08004cdc   0x000000a8   Code   RO           96    .text._ZN5Motor9SetTargetE13ControlMode_ef  motor.o
    0x08004d84   0x08004d84   0x00000134   Code   RO           92    .text._ZN5MotorC2ERK3PIDS2_9MotorType13ControlMode_e  motor.o
    0x08004eb8   0x08004eb8   0x00000214   Code   RO          268    .text._ZN5et_0816process_rc_frameEPhh  wfly_et_08_remote_control.o
    0x080050cc   0x080050cc   0x0000000c   Code   RO           81    .text._ZN5et_085getsaEv  appmain.o
    0x080050d8   0x080050d8   0x0000000c   Code   RO           83    .text._ZN5et_085getsbEv  appmain.o
    0x080050e4   0x080050e4   0x0000000c   Code   RO           79    .text._ZN5et_085getscEv  appmain.o
    0x080050f0   0x080050f0   0x0000000c   Code   RO           85    .text._ZN5et_085getsdEv  appmain.o
    0x080050fc   0x080050fc   0x00000040   Code   RO          270    .text._ZZN5et_0816process_rc_frameEPhhENK3$_0clEt  wfly_et_08_remote_control.o
    0x0800513c   0x0800513c   0x0000001c   Code   RO          272    .text._ZZN5et_0816process_rc_frameEPhhENK3$_1clEt  wfly_et_08_remote_control.o
    0x08005158   0x08005158   0x0000004c   Code   RO          274    .text._ZZN5et_0816process_rc_frameEPhhENK3$_2clERf  wfly_et_08_remote_control.o
    0x080051a4   0x080051a4   0x00000030   Code   RO          648    .text.__NVIC_EnableIRQ  stm32f4xx_hal_cortex.o
    0x080051d4   0x080051d4   0x00000010   Code   RO          640    .text.__NVIC_GetPriorityGrouping  stm32f4xx_hal_cortex.o
    0x080051e4   0x080051e4   0x00000042   Code   RO          642    .text.__NVIC_SetPriority  stm32f4xx_hal_cortex.o
    0x08005226   0x08005226   0x00000002   PAD
    0x08005228   0x08005228   0x0000003c   Code   RO          636    .text.__NVIC_SetPriorityGrouping  stm32f4xx_hal_cortex.o
    0x08005264   0x08005264   0x00000044   Code   RO           11    .text.__cxx_global_var_init  appmain.o
    0x080052a8   0x080052a8   0x0000003c   Code   RO           13    .text.__cxx_global_var_init.1  appmain.o
    0x080052e4   0x080052e4   0x0000003c   Code   RO           15    .text.__cxx_global_var_init.2  appmain.o
    0x08005320   0x08005320   0x00000034   Code   RO           17    .text.__cxx_global_var_init.3  appmain.o
    0x08005354   0x08005354   0x0000002c   Code   RO           19    .text.__cxx_global_var_init.4  appmain.o
    0x08005380   0x08005380   0x0000002c   Code   RO           21    .text.__cxx_global_var_init.5  appmain.o
    0x080053ac   0x080053ac   0x0000002a   Code   RO           23    .text.__cxx_global_var_init.6  appmain.o
    0x080053d6   0x080053d6   0x00000002   PAD
    0x080053d8   0x080053d8   0x00000030   Code   RO          136    .text.main          main.o
    0x08005408   0x08005408   0x00000036   Code   RO           37    .text.move_random_position  appmain.o
    0x0800543e   0x0800543e   0x00000002   PAD
    0x08005440   0x08005440   0x00000028   Code   RO           41    .text.new_App_CAN_Callback  appmain.o
    0x08005468   0x08005468   0x000000ac   Code   RO           45    .text.new_App_Init  appmain.o
    0x08005514   0x08005514   0x00000044   Code   RO           35    .text.set_random_position  appmain.o
    0x08005558   0x08005558   0x00000018   Code   RO         1509    x$fpl$dcmpinf       fz_wm.l(dcmpi.o)
    0x08005570   0x08005570   0x00000078   Code   RO         1479    x$fpl$deqf          fz_wm.l(deqf.o)
    0x080055e8   0x080055e8   0x0000002e   Code   RO         1416    x$fpl$dflt          fz_wm.l(dflt_clz.o)
    0x08005616   0x08005616   0x00000002   PAD
    0x08005618   0x08005618   0x00000078   Code   RO         1481    x$fpl$dgeqf         fz_wm.l(dgeqf.o)
    0x08005690   0x08005690   0x00000078   Code   RO         1483    x$fpl$dleqf         fz_wm.l(dleqf.o)
    0x08005708   0x08005708   0x0000009c   Code   RO         1511    x$fpl$dnaninf       fz_wm.l(dnaninf.o)
    0x080057a4   0x080057a4   0x0000000c   Code   RO         1485    x$fpl$dretinf       fz_wm.l(dretinf.o)
    0x080057b0   0x080057b0   0x00000056   Code   RO         1421    x$fpl$f2d           fz_wm.l(f2d.o)
    0x08005806   0x08005806   0x00000054   Code   RO         1413    x$fpl$fcmp          fz_wm.l(dcmp.o)
    0x0800585a   0x0800585a   0x0000008c   Code   RO         1487    x$fpl$fnaninf       fz_wm.l(fnaninf.o)
    0x080058e6   0x080058e6   0x0000001a   Code   RO         1513    x$fpl$fpinit        fz_wm.l(fpinit.o)
    0x08005900   0x08005900   0x00000000   Code   RO         1489    x$fpl$usenofp       fz_wm.l(usenofp.o)
    0x08005900   0x08005900   0x00000010   Data   RO         1389    .rodata.AHBPrescTable  system_stm32f4xx.o
    0x08005910   0x08005910   0x00000008   Data   RO         1390    .rodata.APBPrescTable  system_stm32f4xx.o
    0x08005918   0x08005918   0x00000008   Data   RO          566    .rodata.DMA_CalcBaseAndBitshift.flagBitshiftOffset  stm32f4xx_hal_dma.o
    0x08005920   0x08005920   0x00000020   Data   RO         1614    Region$$Table       anon$$obj.o
    0x08005940   0x08005940   0x00000004   Data   RO           70    .init_array         appmain.o
    0x08005944   0x08005940   0x00000000   Data   RO         1408    .init_array         c_w.l(init_aeabi.o)


    Execution Region RW_IRAM1 (Exec base: 0x20000000, Load base: 0x08005948, Size: 0x00000a98, Max: 0x0001c000, ABSOLUTE)

    Exec Addr    Load Addr    Size         Type   Attr      Idx    E Section Name        Object

    0x20000000   0x08005948   0x00000004   Data   RW         1388    .data.SystemCoreClock  system_stm32f4xx.o
    0x20000004   0x0800594c   0x00000001   Data   RW          766    .data.uwTickFreq    stm32f4xx_hal.o
    0x20000005   0x0800594d   0x00000003   PAD
    0x20000008   0x08005950   0x00000004   Data   RW          765    .data.uwTickPrio    stm32f4xx_hal.o
    0x2000000c   0x08005954   0x00000004   PAD
    0x20000010        -       0x00000060   Zero   RW         1538    .bss                c_w.l(libspace.o)
    0x20000070        -       0x00000002   Zero   RW           64    .bss.current_m3     appmain.o
    0x20000072        -       0x00000008   Zero   RW           59    .bss.d              appmain.o
    0x2000007a   0x08005954   0x00000002   PAD
    0x2000007c        -       0x00000028   Zero   RW          164    .bss.hcan1          can.o
    0x200000a4        -       0x00000060   Zero   RW          215    .bss.hdma_usart3_rx  usart.o
    0x20000104        -       0x00000058   Zero   RW          186    .bss.hspi1          spi.o
    0x2000015c        -       0x00000048   Zero   RW          200    .bss.htim6          tim.o
    0x200001a4        -       0x00000048   Zero   RW          214    .bss.huart3         usart.o
    0x200001ec        -       0x00000001   Zero   RW           63    .bss.ismoving       appmain.o
    0x200001ed   0x08005954   0x00000003   PAD
    0x200001f0        -       0x00000094   Zero   RW           56    .bss.motor_always   appmain.o
    0x20000284        -       0x00000094   Zero   RW           55    .bss.motor_task     appmain.o
    0x20000318        -       0x00000094   Zero   RW           57    .bss.new_motor      appmain.o
    0x200003ac        -       0x00000028   Zero   RW           54    .bss.p_pid_always   appmain.o
    0x200003d4        -       0x00000028   Zero   RW           52    .bss.p_pid_task     appmain.o
    0x200003fc        -       0x00000024   Zero   RW           58    .bss.rm_controller  appmain.o
    0x20000420        -       0x00000028   Zero   RW           53    .bss.s_pid_always   appmain.o
    0x20000448        -       0x00000028   Zero   RW           51    .bss.s_pid_task     appmain.o
    0x20000470        -       0x00000024   Zero   RW           60    .bss.uart_rx_buf    appmain.o
    0x20000494        -       0x00000004   Zero   RW          767    .bss.uwTick         stm32f4xx_hal.o
    0x20000498        -       0x00000200   Zero   RW            2    HEAP                startup_stm32f407xx.o
    0x20000698        -       0x00000400   Zero   RW            1    STACK               startup_stm32f407xx.o


    Execution Region RW_IRAM2 (Exec base: 0x2001c000, Load base: 0x08005958, Size: 0x00000000, Max: 0x00004000, ABSOLUTE)

    **** No section assigned to this execution region ****


==============================================================================

Image component sizes


      Code (inc. data)   RO Data    RW Data    ZI Data      Debug   Object Name

      1472         68          4          0        687      34028   appmain.o
       258          0          0          0         40       5962   can.o
        60          0          0          0          0       3303   dma.o
       342          0          0          0          0       2222   gpio.o
       240          0          0          0          0       2807   main.o
      1462         48          0          0          0      17540   motor.o
       440          0          0          0          0       1770   pid.o
       226          0          0          0         88       4892   spi.o
        64         26        392          0       1536        856   startup_stm32f407xx.o
       204          0          0          5          4       7125   stm32f4xx_hal.o
      3090          0          0          0          0      11506   stm32f4xx_hal_can.o
       482          0          0          0          0       9699   stm32f4xx_hal_cortex.o
      2068          8          8          0          0       8482   stm32f4xx_hal_dma.o
       996          0          0          0          0       5101   stm32f4xx_hal_gpio.o
        74          0          0          0          0       1491   stm32f4xx_hal_msp.o
      2646          0          0          0          0       7604   stm32f4xx_hal_rcc.o
       256          0          0          0          0      19378   stm32f4xx_hal_spi.o
      1392          0          0          0          0      35847   stm32f4xx_hal_tim.o
       306          0          0          0          0      15273   stm32f4xx_hal_tim_ex.o
      3304          0          0          0          0      20328   stm32f4xx_hal_uart.o
       114          0          0          0          0       1513   stm32f4xx_it.o
        18          0         24          4          0       2521   system_stm32f4xx.o
       172          0          0          0         72       6788   tim.o
       324          0          0          0        168       6835   usart.o
       700          8          0          0          0       4658   wfly_et_08_remote_control.o

    ----------------------------------------------------------------------
     20816        158        460         12       2604     237529   Object Totals
         0          0         32          0          0          0   (incl. Generated)
       106          0          0          3          9          0   (incl. Padding)

    ----------------------------------------------------------------------

      Code (inc. data)   RO Data    RW Data    ZI Data      Debug   Library Member Name

         8          0          0          0          0         68   __main.o
         0          0          0          0          0          0   __rtentry.o
        12          0          0          0          0          0   __rtentry2.o
         6          0          0          0          0          0   __rtentry4.o
        52          8          0          0          0          0   __scatter.o
        26          0          0          0          0          0   __scatter_copy.o
        28          0          0          0          0          0   __scatter_zi.o
        18          0          0          0          0         80   exit.o
         6          0          0          0          0        152   heapauxi.o
         0          0          0          0          0          0   indicate_semi.o
        36          8          0          0          0         80   init_aeabi.o
         2          0          0          0          0          0   libinit.o
        10          0          0          0          0          0   libinit2.o
         2          0          0          0          0          0   libshutdown.o
         2          0          0          0          0          0   libshutdown2.o
         8          4          0          0         96         68   libspace.o
       240          0          0          0          0        100   lludivv7m.o
        78          0          0          0          0         80   rt_memclr_w.o
         2          0          0          0          0          0   rtexit.o
        10          0          0          0          0          0   rtexit2.o
        12          4          0          0          0         68   sys_exit.o
        74          0          0          0          0         80   sys_stackheap_outer.o
         2          0          0          0          0         68   use_no_semi.o
        84          0          0          0          0        244   dcmp.o
        24          0          0          0          0        116   dcmpi.o
       120          4          0          0          0        140   deqf.o
        46          0          0          0          0        116   dflt_clz.o
       120          4          0          0          0        140   dgeqf.o
       120          4          0          0          0        140   dleqf.o
       156          4          0          0          0        140   dnaninf.o
        12          0          0          0          0        116   dretinf.o
        86          4          0          0          0        132   f2d.o
       140          4          0          0          0        132   fnaninf.o
        26          0          0          0          0        116   fpinit.o
         0          0          0          0          0          0   usenofp.o

    ----------------------------------------------------------------------
      1576         48          0          0         96       2376   Library Totals
         8          0          0          0          0          0   (incl. Padding)

    ----------------------------------------------------------------------

      Code (inc. data)   RO Data    RW Data    ZI Data      Debug   Library Name

       634         24          0          0         96        844   c_w.l
       934         24          0          0          0       1532   fz_wm.l

    ----------------------------------------------------------------------
      1576         48          0          0         96       2376   Library Totals

    ----------------------------------------------------------------------

==============================================================================


      Code (inc. data)   RO Data    RW Data    ZI Data      Debug   

     22392        206        460         12       2700     238133   Grand Totals
     22392        206        460         12       2700     238133   ELF Image Totals
     22392        206        460         12          0          0   ROM Totals

==============================================================================

    Total RO  Size (Code + RO Data)                22852 (  22.32kB)
    Total RW  Size (RW Data + ZI Data)              2712 (   2.65kB)
    Total ROM Size (Code + RO Data + RW Data)      22864 (  22.33kB)

==============================================================================

